Archive member included to satisfy reference by file (symbol)

C:/STM/STM32CubeIDE_1.12.1/STM32CubeIDE/plugins/com.st.stm32cube.ide.mcu.externaltools.gnu-tools-for-stm32.13.3.rel1.win32_1.0.0.202411081344/tools/bin/../lib/gcc/arm-none-eabi/13.3.1/../../../../arm-none-eabi/lib/thumb/v7e-m+fp/hard\libc_nano.a(libc_a-exit.o)
                              C:/STM/STM32CubeIDE_1.12.1/STM32CubeIDE/plugins/com.st.stm32cube.ide.mcu.externaltools.gnu-tools-for-stm32.13.3.rel1.win32_1.0.0.202411081344/tools/bin/../lib/gcc/arm-none-eabi/13.3.1/../../../../arm-none-eabi/lib/thumb/v7e-m+fp/hard/crt0.o (exit)
C:/STM/STM32CubeIDE_1.12.1/STM32CubeIDE/plugins/com.st.stm32cube.ide.mcu.externaltools.gnu-tools-for-stm32.13.3.rel1.win32_1.0.0.202411081344/tools/bin/../lib/gcc/arm-none-eabi/13.3.1/../../../../arm-none-eabi/lib/thumb/v7e-m+fp/hard\libc_nano.a(libc_a-findfp.o)
                              C:/STM/STM32CubeIDE_1.12.1/STM32CubeIDE/plugins/com.st.stm32cube.ide.mcu.externaltools.gnu-tools-for-stm32.13.3.rel1.win32_1.0.0.202411081344/tools/bin/../lib/gcc/arm-none-eabi/13.3.1/../../../../arm-none-eabi/lib/thumb/v7e-m+fp/hard\libc_nano.a(libc_a-exit.o) (__stdio_exit_handler)
C:/STM/STM32CubeIDE_1.12.1/STM32CubeIDE/plugins/com.st.stm32cube.ide.mcu.externaltools.gnu-tools-for-stm32.13.3.rel1.win32_1.0.0.202411081344/tools/bin/../lib/gcc/arm-none-eabi/13.3.1/../../../../arm-none-eabi/lib/thumb/v7e-m+fp/hard\libc_nano.a(libc_a-fwalk.o)
                              C:/STM/STM32CubeIDE_1.12.1/STM32CubeIDE/plugins/com.st.stm32cube.ide.mcu.externaltools.gnu-tools-for-stm32.13.3.rel1.win32_1.0.0.202411081344/tools/bin/../lib/gcc/arm-none-eabi/13.3.1/../../../../arm-none-eabi/lib/thumb/v7e-m+fp/hard\libc_nano.a(libc_a-findfp.o) (_fwalk_sglue)
C:/STM/STM32CubeIDE_1.12.1/STM32CubeIDE/plugins/com.st.stm32cube.ide.mcu.externaltools.gnu-tools-for-stm32.13.3.rel1.win32_1.0.0.202411081344/tools/bin/../lib/gcc/arm-none-eabi/13.3.1/../../../../arm-none-eabi/lib/thumb/v7e-m+fp/hard\libc_nano.a(libc_a-stdio.o)
                              C:/STM/STM32CubeIDE_1.12.1/STM32CubeIDE/plugins/com.st.stm32cube.ide.mcu.externaltools.gnu-tools-for-stm32.13.3.rel1.win32_1.0.0.202411081344/tools/bin/../lib/gcc/arm-none-eabi/13.3.1/../../../../arm-none-eabi/lib/thumb/v7e-m+fp/hard\libc_nano.a(libc_a-findfp.o) (__sread)
C:/STM/STM32CubeIDE_1.12.1/STM32CubeIDE/plugins/com.st.stm32cube.ide.mcu.externaltools.gnu-tools-for-stm32.13.3.rel1.win32_1.0.0.202411081344/tools/bin/../lib/gcc/arm-none-eabi/13.3.1/../../../../arm-none-eabi/lib/thumb/v7e-m+fp/hard\libc_nano.a(libc_a-memset.o)
                              C:/STM/STM32CubeIDE_1.12.1/STM32CubeIDE/plugins/com.st.stm32cube.ide.mcu.externaltools.gnu-tools-for-stm32.13.3.rel1.win32_1.0.0.202411081344/tools/bin/../lib/gcc/arm-none-eabi/13.3.1/../../../../arm-none-eabi/lib/thumb/v7e-m+fp/hard/crt0.o (memset)
C:/STM/STM32CubeIDE_1.12.1/STM32CubeIDE/plugins/com.st.stm32cube.ide.mcu.externaltools.gnu-tools-for-stm32.13.3.rel1.win32_1.0.0.202411081344/tools/bin/../lib/gcc/arm-none-eabi/13.3.1/../../../../arm-none-eabi/lib/thumb/v7e-m+fp/hard\libc_nano.a(libc_a-closer.o)
                              C:/STM/STM32CubeIDE_1.12.1/STM32CubeIDE/plugins/com.st.stm32cube.ide.mcu.externaltools.gnu-tools-for-stm32.13.3.rel1.win32_1.0.0.202411081344/tools/bin/../lib/gcc/arm-none-eabi/13.3.1/../../../../arm-none-eabi/lib/thumb/v7e-m+fp/hard\libc_nano.a(libc_a-stdio.o) (_close_r)
C:/STM/STM32CubeIDE_1.12.1/STM32CubeIDE/plugins/com.st.stm32cube.ide.mcu.externaltools.gnu-tools-for-stm32.13.3.rel1.win32_1.0.0.202411081344/tools/bin/../lib/gcc/arm-none-eabi/13.3.1/../../../../arm-none-eabi/lib/thumb/v7e-m+fp/hard\libc_nano.a(libc_a-reent.o)
                              C:/STM/STM32CubeIDE_1.12.1/STM32CubeIDE/plugins/com.st.stm32cube.ide.mcu.externaltools.gnu-tools-for-stm32.13.3.rel1.win32_1.0.0.202411081344/tools/bin/../lib/gcc/arm-none-eabi/13.3.1/../../../../arm-none-eabi/lib/thumb/v7e-m+fp/hard\libc_nano.a(libc_a-closer.o) (errno)
C:/STM/STM32CubeIDE_1.12.1/STM32CubeIDE/plugins/com.st.stm32cube.ide.mcu.externaltools.gnu-tools-for-stm32.13.3.rel1.win32_1.0.0.202411081344/tools/bin/../lib/gcc/arm-none-eabi/13.3.1/../../../../arm-none-eabi/lib/thumb/v7e-m+fp/hard\libc_nano.a(libc_a-impure.o)
                              C:/STM/STM32CubeIDE_1.12.1/STM32CubeIDE/plugins/com.st.stm32cube.ide.mcu.externaltools.gnu-tools-for-stm32.13.3.rel1.win32_1.0.0.202411081344/tools/bin/../lib/gcc/arm-none-eabi/13.3.1/../../../../arm-none-eabi/lib/thumb/v7e-m+fp/hard\libc_nano.a(libc_a-reent.o) (_impure_ptr)
C:/STM/STM32CubeIDE_1.12.1/STM32CubeIDE/plugins/com.st.stm32cube.ide.mcu.externaltools.gnu-tools-for-stm32.13.3.rel1.win32_1.0.0.202411081344/tools/bin/../lib/gcc/arm-none-eabi/13.3.1/../../../../arm-none-eabi/lib/thumb/v7e-m+fp/hard\libc_nano.a(libc_a-lseekr.o)
[...]
Memory Configuration

Name             Origin             Length             Attributes
CCMRAM           0x10000000         0x00010000         xrw
RAM              0x20000000         0x00020000         xrw
FLASH            0x08000000         0x00100000         xr
*default*        0x00000000         0xffffffff

Linker script and memory map

LOAD C:/STM/STM32CubeIDE_1.12.1/STM32CubeIDE/plugins/com.st.stm32cube.ide.mcu.externaltools.gnu-tools-for-stm32.13.3.rel1.win32_1.0.0.202411081344/tools/bin/../lib/gcc/arm-none-eabi/13.3.1/thumb/v7e-m+fp/hard/crti.o
LOAD C:/STM/STM32CubeIDE_1.12.1/STM32CubeIDE/plugins/com.st.stm32cube.ide.mcu.externaltools.gnu-tools-for-stm32.13.3.rel1.win32_1.0.0.202411081344/tools/bin/../lib/gcc/arm-none-eabi/13.3.1/thumb/v7e-m+fp/hard/crtbegin.o
LOAD C:/STM/STM32CubeIDE_1.12.1/STM32CubeIDE/plugins/com.st.stm32cube.ide.mcu.externaltools.gnu-tools-for-stm32.13.3.rel1.win32_1.0.0.202411081344/tools/bin/../lib/gcc/arm-none-eabi/13.3.1/../../../../arm-none-eabi/lib/thumb/v7e-m+fp/hard/crt0.o
LOAD ./Core/Hardware_Interface/Hardware_Interface.o
LOAD ./Core/Src/main.o
LOAD ./Core/Src/stm32f4xx_hal_msp.o
LOAD ./Core/Src/stm32f4xx_it.o
LOAD ./Core/Src/syscalls.o
LOAD ./Core/Src/sysmem.o
LOAD ./Core/Src/system_stm32f4xx.o
LOAD ./Core/Startup/startup_stm32f405rgtx.o
LOAD ./Drivers/FIFO/FIFO.o
LOAD ./Drivers/STM32F4xx_HAL_Driver/Src/stm32f4xx_hal.o
LOAD ./Drivers/STM32F4xx_HAL_Driver/Src/stm32f4xx_hal_cortex.o
LOAD ./Drivers/STM32F4xx_HAL_Driver/Src/stm32f4xx_hal_dma.o
LOAD ./Drivers/STM32F4xx_HAL_Driver/Src/stm32f4xx_hal_dma_ex.o
LOAD ./Drivers/STM32F4xx_HAL_Driver/Src/stm32f4xx_hal_exti.o
LOAD ./Drivers/STM32F4xx_HAL_Driver/Src/stm32f4xx_hal_flash.o
LOAD ./Drivers/STM32F4xx_HAL_Driver/Src/stm32f4xx_hal_flash_ex.o
LOAD ./Drivers/STM32F4xx_HAL_Driver/Src/stm32f4xx_hal_flash_ramfunc.o
LOAD ./Drivers/STM32F4xx_HAL_Driver/Src/stm32f4xx_hal_gpio.o
LOAD ./Drivers/STM32F4xx_HAL_Driver/Src/stm32f4xx_hal_pcd.o
LOAD ./Drivers/STM32F4xx_HAL_Driver/Src/stm32f4xx_hal_pcd_ex.o
LOAD ./Drivers/STM32F4xx_HAL_Driver/Src/stm32f4xx_hal_pwr.o
LOAD ./Drivers/STM32F4xx_HAL_Driver/Src/stm32f4xx_hal_pwr_ex.o
LOAD ./Drivers/STM32F4xx_HAL_Driver/Src/stm32f4xx_hal_rcc.o
LOAD ./Drivers/STM32F4xx_HAL_Driver/Src/stm32f4xx_hal_rcc_ex.o
LOAD ./Drivers/STM32F4xx_HAL_Driver/Src/stm32f4xx_hal_tim.o
LOAD ./Drivers/STM32F4xx_HAL_Driver/Src/stm32f4xx_hal_tim_ex.o
LOAD ./Drivers/STM32F4xx_HAL_Driver/Src/stm32f4xx_ll_usb.o
LOAD ./Drivers/SbW_Protocol/SbW_Protocol.o
LOAD ./Middlewares/ST/STM32_USB_Device_Library/Class/CDC/Src/usbd_cdc.o
LOAD ./Middlewares/ST/STM32_USB_Device_Library/Core/Src/usbd_core.o
LOAD ./Middlewares/ST/STM32_USB_Device_Library/Core/Src/usbd_ctlreq.o
LOAD ./Middlewares/ST/STM32_USB_Device_Library/Core/Src/usbd_ioreq.o
LOAD ./USB_DEVICE/App/usb_device.o
LOAD ./USB_DEVICE/App/usbd_cdc_if.o
LOAD ./USB_DEVICE/App/usbd_desc.o
LOAD ./USB_DEVICE/Target/usbd_conf.o
START GROUP
LOAD C:/STM/STM32CubeIDE_1.12.1/STM32CubeIDE/plugins/com.st.stm32cube.ide.mcu.externaltools.gnu-tools-for-stm32.13.3.rel1.win32_1.0.0.202411081344/tools/bin/../lib/gcc/arm-none-eabi/13.3.1/../../../../arm-none-eabi/lib/thumb/v7e-m+fp/hard\libc_nano.a
LOAD C:/STM/STM32CubeIDE_1.12.1/STM32CubeIDE/plugins/com.st.stm32cube.ide.mcu.externaltools.gnu-tools-for-stm32.13.3.rel1.win32_1.0.0.202411081344/tools/bin/../lib/gcc/arm-none-eabi/13.3.1/../../../../arm-none-eabi/lib/thumb/v7e-m+fp/hard\libm.a
END GROUP
START GROUP
LOAD C:/STM/STM32CubeIDE_1.12.1/STM32CubeIDE/plugins/com.st.stm32cube.ide.mcu.externaltools.gnu-tools-for-stm32.13.3.rel1.win32_1.0.0.202411081344/tools/bin/../lib/gcc/arm-none-eabi/13.3.1/thumb/v7e-m+fp/hard\libgcc.a
LOAD C:/STM/STM32CubeIDE_1.12.1/STM32CubeIDE/plugins/com.st.stm32cube.ide.mcu.externaltools.gnu-tools-for-stm32.13.3.rel1.win32_1.0.0.202411081344/tools/bin/../lib/gcc/arm-none-eabi/13.3.1/../../../../arm-none-eabi/lib/thumb/v7e-m+fp/hard\libc_nano.a
END GROUP
START GROUP
LOAD C:/STM/STM32CubeIDE_1.12.1/STM32CubeIDE/plugins/com.st.stm32cube.ide.mcu.externaltools.gnu-tools-for-stm32.13.3.rel1.win32_1.0.0.202411081344/tools/bin/../lib/gcc/arm-none-eabi/13.3.1/thumb/v7e-m+fp/hard\libgcc.a
LOAD C:/STM/STM32CubeIDE_1.12.1/STM32CubeIDE/plugins/com.st.stm32cube.ide.mcu.externaltools.gnu-tools-for-stm32.13.3.rel1.win32_1.0.0.202411081344/tools/bin/../lib/gcc/arm-none-eabi/13.3.1/../../../../arm-none-eabi/lib/thumb/v7e-m+fp/hard\libc_nano.a
LOAD C:/STM/STM32CubeIDE_1.12.1/STM32CubeIDE/plugins/com.st.stm32cube.ide.mcu.externaltools.gnu-tools-for-stm32.13.3.rel1.win32_1.0.0.202411081344/tools/bin/../lib/gcc/arm-none-eabi/13.3.1/../../../../arm-none-eabi/lib/thumb/v7e-m+fp/hard\libnosys.a
END GROUP
START GROUP
LOAD C:/STM/STM32CubeIDE_1.12.1/STM32CubeIDE/plugins/com.st.stm32cube.ide.mcu.externaltools.gnu-tools-for-stm32.13.3.rel1.win32_1.0.0.202411081344/tools/bin/../lib/gcc/arm-none-eabi/13.3.1/thumb/v7e-m+fp/hard\libgcc.a
LOAD C:/STM/STM32CubeIDE_1.12.1/STM32CubeIDE/plugins/com.st.stm32cube.ide.mcu.externaltools.gnu-tools-for-stm32.13.3.rel1.win32_1.0.0.202411081344/tools/bin/../lib/gcc/arm-none-eabi/13.3.1/../../../../arm-none-eabi/lib/thumb/v7e-m+fp/hard\libc_nano.a
LOAD C:/STM/STM32CubeIDE_1.12.1/STM32CubeIDE/plugins/com.st.stm32cube.ide.mcu.externaltools.gnu-tools-for-stm32.13.3.rel1.win32_1.0.0.202411081344/tools/bin/../lib/gcc/arm-none-eabi/13.3.1/../../../../arm-none-eabi/lib/thumb/v7e-m+fp/hard\libnosys.a
END GROUP
LOAD C:/STM/STM32CubeIDE_1.12.1/STM32CubeIDE/plugins/com.st.stm32cube.ide.mcu.externaltools.gnu-tools-for-stm32.13.3.rel1.win32_1.0.0.202411081344/tools/bin/../lib/gcc/arm-none-eabi/13.3.1/thumb/v7e-m+fp/hard/crtend.o
LOAD C:/STM/STM32CubeIDE_1.12.1/STM32CubeIDE/plugins/com.st.stm32cube.ide.mcu.externaltools.gnu-tools-for-stm32.13.3.rel1.win32_1.0.0.202411081344/tools/bin/../lib/gcc/arm-none-eabi/13.3.1/thumb/v7e-m+fp/hard/crtn.o
                0x20020000                        _estack = (ORIGIN (RAM) + LENGTH (RAM))
                0x00000200                        _Min_Heap_Size = 0x200
                0x00000400                        _Min_Stack_Size = 0x400

.isr_vector     0x08000000      0x188
                0x08000000                        . = ALIGN (0x4)
 *(.isr_vector)
 .isr_vector    0x08000000      0x188 ./Core/Startup/startup_stm32f405rgtx.o
                0x08000000                g_pfnVectors
                0x08000188                        . = ALIGN (0x4)

.text           0x08000188     0x79bc
                0x08000188                        . = ALIGN (0x4)
 *(.text)
 .text          0x08000188       0x40 C:/STM/STM32CubeIDE_1.12.1/STM32CubeIDE/plugins/com.st.stm32cube.ide.mcu.externaltools.gnu-tools-for-stm32.13.3.rel1.win32_1.0.0.202411081344/tools/bin/../lib/gcc/arm-none-eabi/13.3.1/thumb/v7e-m+fp/hard/crtbegin.o
 .text          0x080001c8       0x30 C:/STM/STM32CubeIDE_1.12.1/STM32CubeIDE/plugins/com.st.stm32cube.ide.mcu.externaltools.gnu-tools-for-stm32.13.3.rel1.win32_1.0.0.202411081344/tools/bin/../lib/gcc/arm-none-eabi/13.3.1/thumb/v7e-m+fp/hard\libgcc.a(_aeabi_uldivmod.o)
                0x080001c8                __aeabi_uldivmod
 .text          0x080001f8      0x2f8 C:/STM/STM32CubeIDE_1.12.1/STM32CubeIDE/plugins/com.st.stm32cube.ide.mcu.externaltools.gnu-tools-for-stm32.13.3.rel1.win32_1.0.0.202411081344/tools/bin/../lib/gcc/arm-none-eabi/13.3.1/thumb/v7e-m+fp/hard\libgcc.a(_udivmoddi4.o)
                0x080001f8                __udivmoddi4
 .text          0x080004f0        0x4 C:/STM/STM32CubeIDE_1.12.1/STM32CubeIDE/plugins/com.st.stm32cube.ide.mcu.externaltools.gnu-tools-for-stm32.13.3.rel1.win32_1.0.0.202411081344/tools/bin/../lib/gcc/arm-none-eabi/13.3.1/thumb/v7e-m+fp/hard\libgcc.a(_dvmd_tls.o)
                0x080004f0                __aeabi_idiv0
                0x080004f0                __aeabi_ldiv0
 *(.text*)
 .text.SbW_Protocol_Reply
                0x080004f4       0x1e ./Core/Hardware_Interface/Hardware_Interface.o
                0x080004f4                SbW_Protocol_Reply
 .text.App_User_Callback
                0x08000512       0x16 ./Core/Hardware_Interface/Hardware_Interface.o
                0x08000512                App_User_Callback
 .text.HAL_TIM_PeriodElapsedCallback
                0x08000528       0x2c ./Core/Hardware_Interface/Hardware_Interface.o
                0x08000528                HAL_TIM_PeriodElapsedCallback
 .text.main     0x08000554       0x30 ./Core/Src/main.o
                0x08000554                main
 .text.SystemClock_Config
                0x08000584       0xd8 ./Core/Src/main.o
                0x08000584                SystemClock_Config
 .text.MX_TIM1_Init
                0x0800065c       0xa0 ./Core/Src/main.o
 .text.MX_GPIO_Init
                0x080006fc       0x50 ./Core/Src/main.o
 .text.Error_Handler
                0x0800074c        0xc ./Core/Src/main.o
                0x0800074c                Error_Handler
 .text.HAL_MspInit
                0x08000758       0x50 ./Core/Src/stm32f4xx_hal_msp.o
                0x08000758                HAL_MspInit
 .text.HAL_TIM_Base_MspInit
                0x080007a8       0x50 ./Core/Src/stm32f4xx_hal_msp.o
                0x080007a8                HAL_TIM_Base_MspInit
 .text.NMI_Handler
                0x080007f8        0xc ./Core/Src/stm32f4xx_it.o
                0x080007f8                NMI_Handler
 .text.HardFault_Handler
                0x08000804        0x8 ./Core/Src/stm32f4xx_it.o
                0x08000804                HardFault_Handler
 .text.MemManage_Handler
                0x0800080c        0x8 ./Core/Src/stm32f4xx_it.o
                0x0800080c                MemManage_Handler
 .text.BusFault_Handler
                0x08000814        0x8 ./Core/Src/stm32f4xx_it.o
                0x08000814                BusFault_Handler
 .text.UsageFault_Handler
                0x0800081c        0x8 ./Core/Src/stm32f4xx_it.o
                0x0800081c                UsageFault_Handler
 .text.SVC_Handler
                0x08000824        0xe ./Core/Src/stm32f4xx_it.o
                0x08000824                SVC_Handler
 .text.DebugMon_Handler
                0x08000832        0xe ./Core/Src/stm32f4xx_it.o
                0x08000832                DebugMon_Handler
 .text.PendSV_Handler
                0x08000840        0xe ./Core/Src/stm32f4xx_it.o
                0x08000840                PendSV_Handler
 .text.SysTick_Handler
                0x0800084e        0xc ./Core/Src/stm32f4xx_it.o
                0x0800084e                SysTick_Handler
 *fill*         0x0800085a        0x2 
 .text.TIM1_UP_TIM10_IRQHandler
                0x0800085c       0x14 ./Core/Src/stm32f4xx_it.o
                0x0800085c                TIM1_UP_TIM10_IRQHandler
 .text.OTG_FS_IRQHandler
                0x08000870       0x14 ./Core/Src/stm32f4xx_it.o
                0x08000870                OTG_FS_IRQHandler
 .text.SystemInit
                0x08000884       0x24 ./Core/Src/system_stm32f4xx.o
                0x08000884                SystemInit
 .text.Reset_Handler
                0x080008a8       0x50 ./Core/Startup/startup_stm32f405rgtx.o
                0x080008a8                Reset_Handler
 .text.Default_Handler
                0x080008f8        0x2 ./Core/Startup/startup_stm32f405rgtx.o
                0x080008f8                RTC_Alarm_IRQHandler
                0x080008f8                HASH_RNG_IRQHandler
                0x080008f8                EXTI2_IRQHandler
                0x080008f8                TIM8_CC_IRQHandler
                0x080008f8                TIM1_CC_IRQHandler
                0x080008f8                DMA2_Stream5_IRQHandler
                0x080008f8                DMA1_Stream5_IRQHandler
                0x080008f8                PVD_IRQHandler
                0x080008f8                SDIO_IRQHandler
                0x080008f8                TAMP_STAMP_IRQHandler
                0x080008f8                CAN2_RX1_IRQHandler
                0x080008f8                EXTI3_IRQHandler
                0x080008f8                TIM8_TRG_COM_TIM14_IRQHandler
                0x080008f8                TIM8_UP_TIM13_IRQHandler
                0x080008f8                I2C3_ER_IRQHandler
                0x080008f8                EXTI0_IRQHandler
                0x080008f8                I2C2_EV_IRQHandler
                0x080008f8                DMA1_Stream2_IRQHandler
                0x080008f8                CAN1_RX0_IRQHandler
                0x080008f8                FPU_IRQHandler
                0x080008f8                OTG_HS_WKUP_IRQHandler
                0x080008f8                CAN2_SCE_IRQHandler
                0x080008f8                DMA2_Stream2_IRQHandler
                0x080008f8                SPI1_IRQHandler
                0x080008f8                TIM6_DAC_IRQHandler
                0x080008f8                TIM1_BRK_TIM9_IRQHandler
                0x080008f8                CAN2_RX0_IRQHandler
                0x080008f8                DMA2_Stream3_IRQHandler
                0x080008f8                USART6_IRQHandler
                0x080008f8                USART3_IRQHandler
                0x080008f8                CAN1_RX1_IRQHandler
                0x080008f8                UART5_IRQHandler
                0x080008f8                DMA2_Stream0_IRQHandler
                0x080008f8                TIM4_IRQHandler
                0x080008f8                I2C1_EV_IRQHandler
                0x080008f8                DMA1_Stream6_IRQHandler
                0x080008f8                DMA1_Stream1_IRQHandler
                0x080008f8                UART4_IRQHandler
                0x080008f8                TIM3_IRQHandler
                0x080008f8                RCC_IRQHandler
                0x080008f8                TIM8_BRK_TIM12_IRQHandler
                0x080008f8                Default_Handler
                0x080008f8                EXTI15_10_IRQHandler
                0x080008f8                ADC_IRQHandler
                0x080008f8                DMA1_Stream7_IRQHandler
                0x080008f8                TIM7_IRQHandler
                0x080008f8                CAN2_TX_IRQHandler
                0x080008f8                TIM5_IRQHandler
                0x080008f8                DMA2_Stream7_IRQHandler
                0x080008f8                I2C3_EV_IRQHandler
                0x080008f8                EXTI9_5_IRQHandler
                0x080008f8                RTC_WKUP_IRQHandler
                0x080008f8                SPI2_IRQHandler
                0x080008f8                OTG_HS_EP1_IN_IRQHandler
                0x080008f8                DMA1_Stream0_IRQHandler
                0x080008f8                CAN1_TX_IRQHandler
                0x080008f8                EXTI4_IRQHandler
                0x080008f8                FSMC_IRQHandler
                0x080008f8                OTG_HS_EP1_OUT_IRQHandler
                0x080008f8                WWDG_IRQHandler
                0x080008f8                TIM2_IRQHandler
                0x080008f8                OTG_FS_WKUP_IRQHandler
                0x080008f8                TIM1_TRG_COM_TIM11_IRQHandler
                0x080008f8                OTG_HS_IRQHandler
                0x080008f8                EXTI1_IRQHandler
                0x080008f8                USART2_IRQHandler
                0x080008f8                I2C2_ER_IRQHandler
                0x080008f8                DMA2_Stream1_IRQHandler
                0x080008f8                CAN1_SCE_IRQHandler
                0x080008f8                FLASH_IRQHandler
                0x080008f8                DMA2_Stream4_IRQHandler
                0x080008f8                USART1_IRQHandler
                0x080008f8                SPI3_IRQHandler
                0x080008f8                DMA1_Stream4_IRQHandler
                0x080008f8                I2C1_ER_IRQHandler
                0x080008f8                DMA2_Stream6_IRQHandler
                0x080008f8                DMA1_Stream3_IRQHandler
 .text.fifo_init
                0x080008fa       0x3c ./Drivers/FIFO/FIFO.o
                0x080008fa                fifo_init
 .text.fifo_is_empty
                0x08000936       0x24 ./Drivers/FIFO/FIFO.o
                0x08000936                fifo_is_empty
 .text.fifo_enqueue
                0x0800095a       0x76 ./Drivers/FIFO/FIFO.o
                0x0800095a                fifo_enqueue
 .text.fifo_dequeue
                0x080009d0       0x5e ./Drivers/FIFO/FIFO.o
                0x080009d0                fifo_dequeue
 *fill*         0x08000a2e        0x2 
 .text.HAL_Init
                0x08000a30       0x44 ./Drivers/STM32F4xx_HAL_Driver/Src/stm32f4xx_hal.o
                0x08000a30                HAL_Init
 .text.HAL_InitTick
                0x08000a74       0x60 ./Drivers/STM32F4xx_HAL_Driver/Src/stm32f4xx_hal.o
                0x08000a74                HAL_InitTick
 .text.HAL_IncTick
                0x08000ad4       0x28 ./Drivers/STM32F4xx_HAL_Driver/Src/stm32f4xx_hal.o
                0x08000ad4                HAL_IncTick
 .text.HAL_GetTick
                0x08000afc       0x18 ./Drivers/STM32F4xx_HAL_Driver/Src/stm32f4xx_hal.o
                0x08000afc                HAL_GetTick
 .text.HAL_Delay
                0x08000b14       0x48 ./Drivers/STM32F4xx_HAL_Driver/Src/stm32f4xx_hal.o
                0x08000b14                HAL_Delay
 .text.__NVIC_SetPriorityGrouping
                0x08000b5c       0x48 ./Drivers/STM32F4xx_HAL_Driver/Src/stm32f4xx_hal_cortex.o
 .text.__NVIC_GetPriorityGrouping
                0x08000ba4       0x1c ./Drivers/STM32F4xx_HAL_Driver/Src/stm32f4xx_hal_cortex.o
 .text.__NVIC_EnableIRQ
                0x08000bc0       0x3c ./Drivers/STM32F4xx_HAL_Driver/Src/stm32f4xx_hal_cortex.o
 .text.__NVIC_SetPriority
                0x08000bfc       0x54 ./Drivers/STM32F4xx_HAL_Driver/Src/stm32f4xx_hal_cortex.o
 .text.NVIC_EncodePriority
                0x08000c50       0x66 ./Drivers/STM32F4xx_HAL_Driver/Src/stm32f4xx_hal_cortex.o
 *fill*         0x08000cb6        0x2 
 .text.SysTick_Config
                0x08000cb8       0x44 ./Drivers/STM32F4xx_HAL_Driver/Src/stm32f4xx_hal_cortex.o
 .text.HAL_NVIC_SetPriorityGrouping
                0x08000cfc       0x16 ./Drivers/STM32F4xx_HAL_Driver/Src/stm32f4xx_hal_cortex.o
                0x08000cfc                HAL_NVIC_SetPriorityGrouping
 .text.HAL_NVIC_SetPriority
                0x08000d12       0x38 ./Drivers/STM32F4xx_HAL_Driver/Src/stm32f4xx_hal_cortex.o
                0x08000d12                HAL_NVIC_SetPriority
 .text.HAL_NVIC_EnableIRQ
                0x08000d4a       0x1c ./Drivers/STM32F4xx_HAL_Driver/Src/stm32f4xx_hal_cortex.o
                0x08000d4a                HAL_NVIC_EnableIRQ
 .text.HAL_SYSTICK_Config
                0x08000d66       0x18 ./Drivers/STM32F4xx_HAL_Driver/Src/stm32f4xx_hal_cortex.o
                0x08000d66                HAL_SYSTICK_Config
 *fill*         0x08000d7e        0x2 
 .text.HAL_GPIO_Init
                0x08000d80      0x338 ./Drivers/STM32F4xx_HAL_Driver/Src/stm32f4xx_hal_gpio.o
                0x08000d80                HAL_GPIO_Init
 .text.HAL_PCD_Init
                0x080010b8      0x21e ./Drivers/STM32F4xx_HAL_Driver/Src/stm32f4xx_hal_pcd.o
                0x080010b8                HAL_PCD_Init
 .text.HAL_PCD_Start
                0x080012d6       0x6a ./Drivers/STM32F4xx_HAL_Driver/Src/stm32f4xx_hal_pcd.o
                0x080012d6                HAL_PCD_Start
 .text.HAL_PCD_IRQHandler
                0x08001340      0x942 ./Drivers/STM32F4xx_HAL_Driver/Src/stm32f4xx_hal_pcd.o
                0x08001340                HAL_PCD_IRQHandler
 .text.HAL_PCD_SetAddress
                0x08001c82       0x48 ./Drivers/STM32F4xx_HAL_Driver/Src/stm32f4xx_hal_pcd.o
                0x08001c82                HAL_PCD_SetAddress
 .text.HAL_PCD_EP_Open
                0x08001cca       0xd4 ./Drivers/STM32F4xx_HAL_Driver/Src/stm32f4xx_hal_pcd.o
                0x08001cca                HAL_PCD_EP_Open
 .text.HAL_PCD_EP_Close
                0x08001d9e       0x94 ./Drivers/STM32F4xx_HAL_Driver/Src/stm32f4xx_hal_pcd.o
                0x08001d9e                HAL_PCD_EP_Close
 .text.HAL_PCD_EP_Receive
                0x08001e32       0x76 ./Drivers/STM32F4xx_HAL_Driver/Src/stm32f4xx_hal_pcd.o
                0x08001e32                HAL_PCD_EP_Receive
 .text.HAL_PCD_EP_GetRxCount
                0x08001ea8       0x30 ./Drivers/STM32F4xx_HAL_Driver/Src/stm32f4xx_hal_pcd.o
                0x08001ea8                HAL_PCD_EP_GetRxCount
 .text.HAL_PCD_EP_Transmit
                0x08001ed8       0x74 ./Drivers/STM32F4xx_HAL_Driver/Src/stm32f4xx_hal_pcd.o
                0x08001ed8                HAL_PCD_EP_Transmit
 .text.HAL_PCD_EP_SetStall
                0x08001f4c       0xc6 ./Drivers/STM32F4xx_HAL_Driver/Src/stm32f4xx_hal_pcd.o
                0x08001f4c                HAL_PCD_EP_SetStall
 .text.HAL_PCD_EP_ClrStall
                0x08002012       0xac ./Drivers/STM32F4xx_HAL_Driver/Src/stm32f4xx_hal_pcd.o
                0x08002012                HAL_PCD_EP_ClrStall
 .text.HAL_PCD_EP_Abort
                0x080020be       0x62 ./Drivers/STM32F4xx_HAL_Driver/Src/stm32f4xx_hal_pcd.o
                0x080020be                HAL_PCD_EP_Abort
 .text.PCD_WriteEmptyTxFifo
                0x08002120      0x118 ./Drivers/STM32F4xx_HAL_Driver/Src/stm32f4xx_hal_pcd.o
 .text.PCD_EP_OutXfrComplete_int
                0x08002238      0x1d0 ./Drivers/STM32F4xx_HAL_Driver/Src/stm32f4xx_hal_pcd.o
 .text.PCD_EP_OutSetupPacket_int
                0x08002408       0x8c ./Drivers/STM32F4xx_HAL_Driver/Src/stm32f4xx_hal_pcd.o
 .text.HAL_PCDEx_SetTxFiFo
                0x08002494       0x8e ./Drivers/STM32F4xx_HAL_Driver/Src/stm32f4xx_hal_pcd_ex.o
                0x08002494                HAL_PCDEx_SetTxFiFo
 .text.HAL_PCDEx_SetRxFiFo
                0x08002522       0x22 ./Drivers/STM32F4xx_HAL_Driver/Src/stm32f4xx_hal_pcd_ex.o
                0x08002522                HAL_PCDEx_SetRxFiFo
 .text.HAL_PCDEx_LPM_Callback
                0x08002544       0x18 ./Drivers/STM32F4xx_HAL_Driver/Src/stm32f4xx_hal_pcd_ex.o
                0x08002544                HAL_PCDEx_LPM_Callback
 .text.HAL_RCC_OscConfig
                0x0800255c      0x4f0 ./Drivers/STM32F4xx_HAL_Driver/Src/stm32f4xx_hal_rcc.o
                0x0800255c                HAL_RCC_OscConfig
 .text.HAL_RCC_ClockConfig
                0x08002a4c      0x1cc ./Drivers/STM32F4xx_HAL_Driver/Src/stm32f4xx_hal_rcc.o
                0x08002a4c                HAL_RCC_ClockConfig
 .text.HAL_RCC_EnableCSS
                0x08002c18       0x18 ./Drivers/STM32F4xx_HAL_Driver/Src/stm32f4xx_hal_rcc.o
                0x08002c18                HAL_RCC_EnableCSS
 .text.HAL_RCC_GetSysClockFreq
                0x08002c30      0x20c ./Drivers/STM32F4xx_HAL_Driver/Src/stm32f4xx_hal_rcc.o
                0x08002c30                HAL_RCC_GetSysClockFreq
 .text.HAL_RCC_GetHCLKFreq
                0x08002e3c       0x18 ./Drivers/STM32F4xx_HAL_Driver/Src/stm32f4xx_hal_rcc.o
                0x08002e3c                HAL_RCC_GetHCLKFreq
 .text.HAL_RCC_NMI_IRQHandler
                0x08002e54       0x28 ./Drivers/STM32F4xx_HAL_Driver/Src/stm32f4xx_hal_rcc.o
                0x08002e54                HAL_RCC_NMI_IRQHandler
 .text.HAL_RCC_CSSCallback
                0x08002e7c        0xe ./Drivers/STM32F4xx_HAL_Driver/Src/stm32f4xx_hal_rcc.o
                0x08002e7c                HAL_RCC_CSSCallback
 .text.HAL_TIM_Base_Init
                0x08002e8a       0x9e ./Drivers/STM32F4xx_HAL_Driver/Src/stm32f4xx_hal_tim.o
                0x08002e8a                HAL_TIM_Base_Init
 .text.HAL_TIM_IRQHandler
                0x08002f28      0x1e0 ./Drivers/STM32F4xx_HAL_Driver/Src/stm32f4xx_hal_tim.o
                0x08002f28                HAL_TIM_IRQHandler
 .text.HAL_TIM_ConfigClockSource
                0x08003108      0x18e ./Drivers/STM32F4xx_HAL_Driver/Src/stm32f4xx_hal_tim.o
                0x08003108                HAL_TIM_ConfigClockSource
 .text.HAL_TIM_OC_DelayElapsedCallback
                0x08003296       0x14 ./Drivers/STM32F4xx_HAL_Driver/Src/stm32f4xx_hal_tim.o
                0x08003296                HAL_TIM_OC_DelayElapsedCallback
 .text.HAL_TIM_IC_CaptureCallback
                0x080032aa       0x14 ./Drivers/STM32F4xx_HAL_Driver/Src/stm32f4xx_hal_tim.o
                0x080032aa                HAL_TIM_IC_CaptureCallback
 .text.HAL_TIM_PWM_PulseFinishedCallback
                0x080032be       0x14 ./Drivers/STM32F4xx_HAL_Driver/Src/stm32f4xx_hal_tim.o
                0x080032be                HAL_TIM_PWM_PulseFinishedCallback
 .text.HAL_TIM_TriggerCallback
                0x080032d2       0x14 ./Drivers/STM32F4xx_HAL_Driver/Src/stm32f4xx_hal_tim.o
                0x080032d2                HAL_TIM_TriggerCallback
 *fill*         0x080032e6        0x2 
 .text.TIM_Base_SetConfig
                0x080032e8      0x158 ./Drivers/STM32F4xx_HAL_Driver/Src/stm32f4xx_hal_tim.o
                0x080032e8                TIM_Base_SetConfig
 .text.TIM_TI1_ConfigInputStage
                0x08003440       0x5e ./Drivers/STM32F4xx_HAL_Driver/Src/stm32f4xx_hal_tim.o
 .text.TIM_TI2_ConfigInputStage
                0x0800349e       0x60 ./Drivers/STM32F4xx_HAL_Driver/Src/stm32f4xx_hal_tim.o
 .text.TIM_ITRx_SetConfig
                0x080034fe       0x36 ./Drivers/STM32F4xx_HAL_Driver/Src/stm32f4xx_hal_tim.o
 .text.TIM_ETR_SetConfig
                0x08003534       0x40 ./Drivers/STM32F4xx_HAL_Driver/Src/stm32f4xx_hal_tim.o
                0x08003534                TIM_ETR_SetConfig
 .text.HAL_TIMEx_MasterConfigSynchronization
                0x08003574       0xf8 ./Drivers/STM32F4xx_HAL_Driver/Src/stm32f4xx_hal_tim_ex.o
                0x08003574                HAL_TIMEx_MasterConfigSynchronization
 .text.HAL_TIMEx_CommutCallback
                0x0800366c       0x14 ./Drivers/STM32F4xx_HAL_Driver/Src/stm32f4xx_hal_tim_ex.o
                0x0800366c                HAL_TIMEx_CommutCallback
 .text.HAL_TIMEx_BreakCallback
                0x08003680       0x14 ./Drivers/STM32F4xx_HAL_Driver/Src/stm32f4xx_hal_tim_ex.o
                0x08003680                HAL_TIMEx_BreakCallback
 .text.USB_CoreInit
                0x08003694       0xc8 ./Drivers/STM32F4xx_HAL_Driver/Src/stm32f4xx_ll_usb.o
                0x08003694                USB_CoreInit
 .text.USB_SetTurnaroundTime
                0x0800375c      0x144 ./Drivers/STM32F4xx_HAL_Driver/Src/stm32f4xx_ll_usb.o
                0x0800375c                USB_SetTurnaroundTime
 .text.USB_EnableGlobalInt
                0x080038a0       0x22 ./Drivers/STM32F4xx_HAL_Driver/Src/stm32f4xx_ll_usb.o
                0x080038a0                USB_EnableGlobalInt
 .text.USB_DisableGlobalInt
                0x080038c2       0x22 ./Drivers/STM32F4xx_HAL_Driver/Src/stm32f4xx_ll_usb.o
                0x080038c2                USB_DisableGlobalInt
 .text.USB_SetCurrentMode
                0x080038e4       0x98 ./Drivers/STM32F4xx_HAL_Driver/Src/stm32f4xx_ll_usb.o
                0x080038e4                USB_SetCurrentMode
 .text.USB_DevInit
                0x0800397c      0x2c8 ./Drivers/STM32F4xx_HAL_Driver/Src/stm32f4xx_ll_usb.o
                0x0800397c                USB_DevInit
 .text.USB_FlushTxFifo
                0x08003c44       0x64 ./Drivers/STM32F4xx_HAL_Driver/Src/stm32f4xx_ll_usb.o
                0x08003c44                USB_FlushTxFifo
 .text.USB_FlushRxFifo
                0x08003ca8       0x5c ./Drivers/STM32F4xx_HAL_Driver/Src/stm32f4xx_ll_usb.o
                0x08003ca8                USB_FlushRxFifo
 .text.USB_SetDevSpeed
                0x08003d04       0x32 ./Drivers/STM32F4xx_HAL_Driver/Src/stm32f4xx_ll_usb.o
                0x08003d04                USB_SetDevSpeed
 .text.USB_GetDevSpeed
                0x08003d36       0x4a ./Drivers/STM32F4xx_HAL_Driver/Src/stm32f4xx_ll_usb.o
                0x08003d36                USB_GetDevSpeed
 .text.USB_ActivateEndpoint
                0x08003d80      0x10e ./Drivers/STM32F4xx_HAL_Driver/Src/stm32f4xx_ll_usb.o
                0x08003d80                USB_ActivateEndpoint
 *fill*         0x08003e8e        0x2 
 .text.USB_DeactivateEndpoint
                0x08003e90      0x1b8 ./Drivers/STM32F4xx_HAL_Driver/Src/stm32f4xx_ll_usb.o
                0x08003e90                USB_DeactivateEndpoint
 .text.USB_EPStartXfer
                0x08004048      0x53c ./Drivers/STM32F4xx_HAL_Driver/Src/stm32f4xx_ll_usb.o
                0x08004048                USB_EPStartXfer
 .text.USB_EPStopXfer
                0x08004584      0x154 ./Drivers/STM32F4xx_HAL_Driver/Src/stm32f4xx_ll_usb.o
                0x08004584                USB_EPStopXfer
 .text.USB_WritePacket
                0x080046d8       0x7c ./Drivers/STM32F4xx_HAL_Driver/Src/stm32f4xx_ll_usb.o
                0x080046d8                USB_WritePacket
 .text.USB_ReadPacket
                0x08004754       0xb0 ./Drivers/STM32F4xx_HAL_Driver/Src/stm32f4xx_ll_usb.o
                0x08004754                USB_ReadPacket
 .text.USB_EPSetStall
                0x08004804       0xdc ./Drivers/STM32F4xx_HAL_Driver/Src/stm32f4xx_ll_usb.o
                0x08004804                USB_EPSetStall
 .text.USB_EPClearStall
                0x080048e0       0xcc ./Drivers/STM32F4xx_HAL_Driver/Src/stm32f4xx_ll_usb.o
                0x080048e0                USB_EPClearStall
 .text.USB_SetDevAddress
                0x080049ac       0x4c ./Drivers/STM32F4xx_HAL_Driver/Src/stm32f4xx_ll_usb.o
                0x080049ac                USB_SetDevAddress
 .text.USB_DevConnect
                0x080049f8       0x42 ./Drivers/STM32F4xx_HAL_Driver/Src/stm32f4xx_ll_usb.o
                0x080049f8                USB_DevConnect
 .text.USB_DevDisconnect
                0x08004a3a       0x42 ./Drivers/STM32F4xx_HAL_Driver/Src/stm32f4xx_ll_usb.o
                0x08004a3a                USB_DevDisconnect
 .text.USB_ReadInterrupts
                0x08004a7c       0x26 ./Drivers/STM32F4xx_HAL_Driver/Src/stm32f4xx_ll_usb.o
                0x08004a7c                USB_ReadInterrupts
 .text.USB_ReadDevAllOutEpInterrupt
                0x08004aa2       0x34 ./Drivers/STM32F4xx_HAL_Driver/Src/stm32f4xx_ll_usb.o
                0x08004aa2                USB_ReadDevAllOutEpInterrupt
 .text.USB_ReadDevAllInEpInterrupt
                0x08004ad6       0x34 ./Drivers/STM32F4xx_HAL_Driver/Src/stm32f4xx_ll_usb.o
                0x08004ad6                USB_ReadDevAllInEpInterrupt
 .text.USB_ReadDevOutEPInterrupt
                0x08004b0a       0x3c ./Drivers/STM32F4xx_HAL_Driver/Src/stm32f4xx_ll_usb.o
                0x08004b0a                USB_ReadDevOutEPInterrupt
 .text.USB_ReadDevInEPInterrupt
                0x08004b46       0x5c ./Drivers/STM32F4xx_HAL_Driver/Src/stm32f4xx_ll_usb.o
                0x08004b46                USB_ReadDevInEPInterrupt
 .text.USB_GetMode
                0x08004ba2       0x1c ./Drivers/STM32F4xx_HAL_Driver/Src/stm32f4xx_ll_usb.o
                0x08004ba2                USB_GetMode
 .text.USB_ActivateSetup
                0x08004bbe       0x46 ./Drivers/STM32F4xx_HAL_Driver/Src/stm32f4xx_ll_usb.o
                0x08004bbe                USB_ActivateSetup
 .text.USB_EP0_OutStart
                0x08004c04       0xbc ./Drivers/STM32F4xx_HAL_Driver/Src/stm32f4xx_ll_usb.o
                0x08004c04                USB_EP0_OutStart
 .text.USB_CoreReset
                0x08004cc0       0x62 ./Drivers/STM32F4xx_HAL_Driver/Src/stm32f4xx_ll_usb.o
 .text.CRC16    0x08004d22       0x42 ./Drivers/SbW_Protocol/SbW_Protocol.o
 .text.SbW_Request_Received_CB
                0x08004d64      0x278 ./Drivers/SbW_Protocol/SbW_Protocol.o
                0x08004d64                SbW_Request_Received_CB
 .text.SbW_Timer_Callback
                0x08004fdc       0x44 ./Drivers/SbW_Protocol/SbW_Protocol.o
                0x08004fdc                SbW_Timer_Callback
 .text.SbW_TxFrame_processor
                0x08005020       0x92 ./Drivers/SbW_Protocol/SbW_Protocol.o
                0x08005020                SbW_TxFrame_processor
 .text.SbW_TxCPLt
                0x080050b2       0x16 ./Drivers/SbW_Protocol/SbW_Protocol.o
                0x080050b2                SbW_TxCPLt
 .text.USBD_CDC_Init
                0x080050c8      0x1f0 ./Middlewares/ST/STM32_USB_Device_Library/Class/CDC/Src/usbd_cdc.o
 .text.USBD_CDC_DeInit
                0x080052b8      0x104 ./Middlewares/ST/STM32_USB_Device_Library/Class/CDC/Src/usbd_cdc.o
 .text.USBD_CDC_Setup
                0x080053bc      0x1b8 ./Middlewares/ST/STM32_USB_Device_Library/Class/CDC/Src/usbd_cdc.o
 .text.USBD_CDC_DataIn
                0x08005574       0xfe ./Middlewares/ST/STM32_USB_Device_Library/Class/CDC/Src/usbd_cdc.o
 .text.USBD_CDC_DataOut
                0x08005672       0x70 ./Middlewares/ST/STM32_USB_Device_Library/Class/CDC/Src/usbd_cdc.o
 .text.USBD_CDC_EP0_RxReady
                0x080056e2       0x74 ./Middlewares/ST/STM32_USB_Device_Library/Class/CDC/Src/usbd_cdc.o
 *fill*         0x08005756        0x2 
 .text.USBD_CDC_GetFSCfgDesc
                0x08005758       0x70 ./Middlewares/ST/STM32_USB_Device_Library/Class/CDC/Src/usbd_cdc.o
 .text.USBD_CDC_GetHSCfgDesc
                0x080057c8       0x70 ./Middlewares/ST/STM32_USB_Device_Library/Class/CDC/Src/usbd_cdc.o
 .text.USBD_CDC_GetOtherSpeedCfgDesc
                0x08005838       0x70 ./Middlewares/ST/STM32_USB_Device_Library/Class/CDC/Src/usbd_cdc.o
 .text.USBD_CDC_GetDeviceQualifierDescriptor
                0x080058a8       0x20 ./Middlewares/ST/STM32_USB_Device_Library/Class/CDC/Src/usbd_cdc.o
                0x080058a8                USBD_CDC_GetDeviceQualifierDescriptor
 .text.USBD_CDC_RegisterInterface
                0x080058c8       0x34 ./Middlewares/ST/STM32_USB_Device_Library/Class/CDC/Src/usbd_cdc.o
                0x080058c8                USBD_CDC_RegisterInterface
 .text.USBD_CDC_SetTxBuffer
                0x080058fc       0x44 ./Middlewares/ST/STM32_USB_Device_Library/Class/CDC/Src/usbd_cdc.o
                0x080058fc                USBD_CDC_SetTxBuffer
 .text.USBD_CDC_SetRxBuffer
                0x08005940       0x3a ./Middlewares/ST/STM32_USB_Device_Library/Class/CDC/Src/usbd_cdc.o
                0x08005940                USBD_CDC_SetRxBuffer
 *fill*         0x0800597a        0x2 
 .text.USBD_CDC_TransmitPacket
                0x0800597c       0x80 ./Middlewares/ST/STM32_USB_Device_Library/Class/CDC/Src/usbd_cdc.o
                0x0800597c                USBD_CDC_TransmitPacket
 .text.USBD_CDC_ReceivePacket
                0x080059fc       0x6c ./Middlewares/ST/STM32_USB_Device_Library/Class/CDC/Src/usbd_cdc.o
                0x080059fc                USBD_CDC_ReceivePacket
 .text.USBD_Init
                0x08005a68       0x60 ./Middlewares/ST/STM32_USB_Device_Library/Core/Src/usbd_core.o
                0x08005a68                USBD_Init
 .text.USBD_RegisterClass
                0x08005ac8       0x6c ./Middlewares/ST/STM32_USB_Device_Library/Core/Src/usbd_core.o
                0x08005ac8                USBD_RegisterClass
 .text.USBD_Start
                0x08005b34       0x18 ./Middlewares/ST/STM32_USB_Device_Library/Core/Src/usbd_core.o
                0x08005b34                USBD_Start
 .text.USBD_RunTestMode
                0x08005b4c       0x16 ./Middlewares/ST/STM32_USB_Device_Library/Core/Src/usbd_core.o
                0x08005b4c                USBD_RunTestMode
 .text.USBD_SetClassConfig
                0x08005b62       0x38 ./Middlewares/ST/STM32_USB_Device_Library/Core/Src/usbd_core.o
                0x08005b62                USBD_SetClassConfig
 .text.USBD_ClrClassConfig
                0x08005b9a       0x34 ./Middlewares/ST/STM32_USB_Device_Library/Core/Src/usbd_core.o
                0x08005b9a                USBD_ClrClassConfig
 .text.USBD_LL_SetupStage
                0x08005bce       0xaa ./Middlewares/ST/STM32_USB_Device_Library/Core/Src/usbd_core.o
                0x08005bce                USBD_LL_SetupStage
 .text.USBD_LL_DataOutStage
                0x08005c78      0x166 ./Middlewares/ST/STM32_USB_Device_Library/Core/Src/usbd_core.o
                0x08005c78                USBD_LL_DataOutStage
 .text.USBD_LL_DataInStage
                0x08005dde      0x164 ./Middlewares/ST/STM32_USB_Device_Library/Core/Src/usbd_core.o
                0x08005dde                USBD_LL_DataInStage
 .text.USBD_LL_Reset
                0x08005f42       0xa4 ./Middlewares/ST/STM32_USB_Device_Library/Core/Src/usbd_core.o
                0x08005f42                USBD_LL_Reset
 .text.USBD_LL_SetSpeed
                0x08005fe6       0x20 ./Middlewares/ST/STM32_USB_Device_Library/Core/Src/usbd_core.o
                0x08005fe6                USBD_LL_SetSpeed
 .text.USBD_LL_Suspend
                0x08006006       0x38 ./Middlewares/ST/STM32_USB_Device_Library/Core/Src/usbd_core.o
                0x08006006                USBD_LL_Suspend
 .text.USBD_LL_Resume
                0x0800603e       0x30 ./Middlewares/ST/STM32_USB_Device_Library/Core/Src/usbd_core.o
                0x0800603e                USBD_LL_Resume
 .text.USBD_LL_SOF
                0x0800606e       0x40 ./Middlewares/ST/STM32_USB_Device_Library/Core/Src/usbd_core.o
                0x0800606e                USBD_LL_SOF
 .text.USBD_LL_IsoINIncomplete
                0x080060ae       0x64 ./Middlewares/ST/STM32_USB_Device_Library/Core/Src/usbd_core.o
                0x080060ae                USBD_LL_IsoINIncomplete
 .text.USBD_LL_IsoOUTIncomplete
                0x08006112       0x64 ./Middlewares/ST/STM32_USB_Device_Library/Core/Src/usbd_core.o
                0x08006112                USBD_LL_IsoOUTIncomplete
 .text.USBD_LL_DevConnected
                0x08006176       0x16 ./Middlewares/ST/STM32_USB_Device_Library/Core/Src/usbd_core.o
                0x08006176                USBD_LL_DevConnected
 .text.USBD_LL_DevDisconnected
                0x0800618c       0x46 ./Middlewares/ST/STM32_USB_Device_Library/Core/Src/usbd_core.o
                0x0800618c                USBD_LL_DevDisconnected
 .text.USBD_CoreFindIF
                0x080061d2       0x1a ./Middlewares/ST/STM32_USB_Device_Library/Core/Src/usbd_core.o
                0x080061d2                USBD_CoreFindIF
 .text.USBD_CoreFindEP
                0x080061ec       0x1a ./Middlewares/ST/STM32_USB_Device_Library/Core/Src/usbd_core.o
                0x080061ec                USBD_CoreFindEP
 .text.USBD_GetEpDesc
                0x08006206       0x70 ./Middlewares/ST/STM32_USB_Device_Library/Core/Src/usbd_core.o
                0x08006206                USBD_GetEpDesc
 .text.USBD_GetNextDesc
                0x08006276       0x38 ./Middlewares/ST/STM32_USB_Device_Library/Core/Src/usbd_core.o
                0x08006276                USBD_GetNextDesc
 .text.SWAPBYTE
                0x080062ae       0x3e ./Middlewares/ST/STM32_USB_Device_Library/Core/Src/usbd_ctlreq.o
 .text.USBD_StdDevReq
                0x080062ec       0xe4 ./Middlewares/ST/STM32_USB_Device_Library/Core/Src/usbd_ctlreq.o
                0x080062ec                USBD_StdDevReq
 .text.USBD_StdItfReq
                0x080063d0       0xd8 ./Middlewares/ST/STM32_USB_Device_Library/Core/Src/usbd_ctlreq.o
                0x080063d0                USBD_StdItfReq
 .text.USBD_StdEPReq
                0x080064a8      0x33a ./Middlewares/ST/STM32_USB_Device_Library/Core/Src/usbd_ctlreq.o
                0x080064a8                USBD_StdEPReq
 *fill*         0x080067e2        0x2 
 .text.USBD_GetDescriptor
                0x080067e4      0x2d4 ./Middlewares/ST/STM32_USB_Device_Library/Core/Src/usbd_ctlreq.o
 .text.USBD_SetAddress
                0x08006ab8       0x88 ./Middlewares/ST/STM32_USB_Device_Library/Core/Src/usbd_ctlreq.o
 .text.USBD_SetConfig
                0x08006b40      0x154 ./Middlewares/ST/STM32_USB_Device_Library/Core/Src/usbd_ctlreq.o
 .text.USBD_GetConfig
                0x08006c94       0x6c ./Middlewares/ST/STM32_USB_Device_Library/Core/Src/usbd_ctlreq.o
 .text.USBD_GetStatus
                0x08006d00       0x68 ./Middlewares/ST/STM32_USB_Device_Library/Core/Src/usbd_ctlreq.o
 .text.USBD_SetFeature
                0x08006d68       0x52 ./Middlewares/ST/STM32_USB_Device_Library/Core/Src/usbd_ctlreq.o
 .text.USBD_ClrFeature
                0x08006dba       0x44 ./Middlewares/ST/STM32_USB_Device_Library/Core/Src/usbd_ctlreq.o
 .text.USBD_ParseSetupRequest
                0x08006dfe       0x74 ./Middlewares/ST/STM32_USB_Device_Library/Core/Src/usbd_ctlreq.o
                0x08006dfe                USBD_ParseSetupRequest
 .text.USBD_CtlError
                0x08006e72       0x22 ./Middlewares/ST/STM32_USB_Device_Library/Core/Src/usbd_ctlreq.o
                0x08006e72                USBD_CtlError
 .text.USBD_GetString
                0x08006e94       0xa4 ./Middlewares/ST/STM32_USB_Device_Library/Core/Src/usbd_ctlreq.o
                0x08006e94                USBD_GetString
 .text.USBD_GetLen
                0x08006f38       0x34 ./Middlewares/ST/STM32_USB_Device_Library/Core/Src/usbd_ctlreq.o
 .text.USBD_CtlSendData
                0x08006f6c       0x36 ./Middlewares/ST/STM32_USB_Device_Library/Core/Src/usbd_ioreq.o
                0x08006f6c                USBD_CtlSendData
 .text.USBD_CtlContinueSendData
                0x08006fa2       0x22 ./Middlewares/ST/STM32_USB_Device_Library/Core/Src/usbd_ioreq.o
                0x08006fa2                USBD_CtlContinueSendData
 .text.USBD_CtlPrepareRx
                0x08006fc4       0x3a ./Middlewares/ST/STM32_USB_Device_Library/Core/Src/usbd_ioreq.o
                0x08006fc4                USBD_CtlPrepareRx
 .text.USBD_CtlContinueRx
                0x08006ffe       0x22 ./Middlewares/ST/STM32_USB_Device_Library/Core/Src/usbd_ioreq.o
                0x08006ffe                USBD_CtlContinueRx
 .text.USBD_CtlSendStatus
                0x08007020       0x26 ./Middlewares/ST/STM32_USB_Device_Library/Core/Src/usbd_ioreq.o
                0x08007020                USBD_CtlSendStatus
 .text.USBD_CtlReceiveStatus
                0x08007046       0x26 ./Middlewares/ST/STM32_USB_Device_Library/Core/Src/usbd_ioreq.o
                0x08007046                USBD_CtlReceiveStatus
 .text.MX_USB_DEVICE_Init
                0x0800706c       0x60 ./USB_DEVICE/App/usb_device.o
                0x0800706c                MX_USB_DEVICE_Init
 .text.CDC_Init_FS
                0x080070cc       0x28 ./USB_DEVICE/App/usbd_cdc_if.o
 .text.CDC_DeInit_FS
                0x080070f4       0x10 ./USB_DEVICE/App/usbd_cdc_if.o
 .text.CDC_Control_FS
                0x08007104       0xbc ./USB_DEVICE/App/usbd_cdc_if.o
 .text.CDC_Receive_FS
                0x080071c0       0x3c ./USB_DEVICE/App/usbd_cdc_if.o
 .text.CDC_Transmit_FS
                0x080071fc       0x4c ./USB_DEVICE/App/usbd_cdc_if.o
                0x080071fc                CDC_Transmit_FS
 .text.CDC_TransmitCplt_FS
                0x08007248       0x28 ./USB_DEVICE/App/usbd_cdc_if.o
 .text.USBD_FS_DeviceDescriptor
                0x08007270       0x24 ./USB_DEVICE/App/usbd_desc.o
                0x08007270                USBD_FS_DeviceDescriptor
 .text.USBD_FS_LangIDStrDescriptor
                0x08007294       0x24 ./USB_DEVICE/App/usbd_desc.o
                0x08007294                USBD_FS_LangIDStrDescriptor
 .text.USBD_FS_ProductStrDescriptor
                0x080072b8       0x3c ./USB_DEVICE/App/usbd_desc.o
                0x080072b8                USBD_FS_ProductStrDescriptor
 .text.USBD_FS_ManufacturerStrDescriptor
                0x080072f4       0x28 ./USB_DEVICE/App/usbd_desc.o
                0x080072f4                USBD_FS_ManufacturerStrDescriptor
 .text.USBD_FS_SerialStrDescriptor
                0x0800731c       0x24 ./USB_DEVICE/App/usbd_desc.o
                0x0800731c                USBD_FS_SerialStrDescriptor
 .text.USBD_FS_ConfigStrDescriptor
                0x08007340       0x3c ./USB_DEVICE/App/usbd_desc.o
                0x08007340                USBD_FS_ConfigStrDescriptor
 .text.USBD_FS_InterfaceStrDescriptor
                0x0800737c       0x3c ./USB_DEVICE/App/usbd_desc.o
                0x0800737c                USBD_FS_InterfaceStrDescriptor
 .text.Get_SerialNum
                0x080073b8       0x58 ./USB_DEVICE/App/usbd_desc.o
 .text.IntToUnicode
                0x08007410       0x7e ./USB_DEVICE/App/usbd_desc.o
 *fill*         0x0800748e        0x2 
 .text.HAL_PCD_MspInit
                0x08007490       0xa8 ./USB_DEVICE/Target/usbd_conf.o
                0x08007490                HAL_PCD_MspInit
 .text.HAL_PCD_SetupStageCallback
                0x08007538       0x24 ./USB_DEVICE/Target/usbd_conf.o
                0x08007538                HAL_PCD_SetupStageCallback
 .text.HAL_PCD_DataOutStageCallback
                0x0800755c       0x36 ./USB_DEVICE/Target/usbd_conf.o
                0x0800755c                HAL_PCD_DataOutStageCallback
 .text.HAL_PCD_DataInStageCallback
                0x08007592       0x34 ./USB_DEVICE/Target/usbd_conf.o
                0x08007592                HAL_PCD_DataInStageCallback
 .text.HAL_PCD_SOFCallback
                0x080075c6       0x1c ./USB_DEVICE/Target/usbd_conf.o
                0x080075c6                HAL_PCD_SOFCallback
 .text.HAL_PCD_ResetCallback
                0x080075e2       0x50 ./USB_DEVICE/Target/usbd_conf.o
                0x080075e2                HAL_PCD_ResetCallback
 *fill*         0x08007632        0x2 
 .text.HAL_PCD_SuspendCallback
                0x08007634       0x4c ./USB_DEVICE/Target/usbd_conf.o
                0x08007634                HAL_PCD_SuspendCallback
 .text.HAL_PCD_ResumeCallback
                0x08007680       0x1c ./USB_DEVICE/Target/usbd_conf.o
                0x08007680                HAL_PCD_ResumeCallback
 .text.HAL_PCD_ISOOUTIncompleteCallback
                0x0800769c       0x24 ./USB_DEVICE/Target/usbd_conf.o
                0x0800769c                HAL_PCD_ISOOUTIncompleteCallback
 .text.HAL_PCD_ISOINIncompleteCallback
                0x080076c0       0x24 ./USB_DEVICE/Target/usbd_conf.o
                0x080076c0                HAL_PCD_ISOINIncompleteCallback
 .text.HAL_PCD_ConnectCallback
                0x080076e4       0x1c ./USB_DEVICE/Target/usbd_conf.o
                0x080076e4                HAL_PCD_ConnectCallback
 .text.HAL_PCD_DisconnectCallback
                0x08007700       0x1c ./USB_DEVICE/Target/usbd_conf.o
                0x08007700                HAL_PCD_DisconnectCallback
 .text.USBD_LL_Init
                0x0800771c       0x98 ./USB_DEVICE/Target/usbd_conf.o
                0x0800771c                USBD_LL_Init
 .text.USBD_LL_Start
                0x080077b4       0x36 ./USB_DEVICE/Target/usbd_conf.o
                0x080077b4                USBD_LL_Start
 .text.USBD_LL_OpenEP
                0x080077ea       0x4c ./USB_DEVICE/Target/usbd_conf.o
                0x080077ea                USBD_LL_OpenEP
 .text.USBD_LL_CloseEP
                0x08007836       0x3e ./USB_DEVICE/Target/usbd_conf.o
                0x08007836                USBD_LL_CloseEP
 .text.USBD_LL_StallEP
                0x08007874       0x3e ./USB_DEVICE/Target/usbd_conf.o
                0x08007874                USBD_LL_StallEP
 .text.USBD_LL_ClearStallEP
                0x080078b2       0x3e ./USB_DEVICE/Target/usbd_conf.o
                0x080078b2                USBD_LL_ClearStallEP
 .text.USBD_LL_IsStallEP
                0x080078f0       0x58 ./USB_DEVICE/Target/usbd_conf.o
                0x080078f0                USBD_LL_IsStallEP
 .text.USBD_LL_SetUSBAddress
                0x08007948       0x3e ./USB_DEVICE/Target/usbd_conf.o
                0x08007948                USBD_LL_SetUSBAddress
 .text.USBD_LL_Transmit
                0x08007986       0x42 ./USB_DEVICE/Target/usbd_conf.o
                0x08007986                USBD_LL_Transmit
 .text.USBD_LL_PrepareReceive
                0x080079c8       0x42 ./USB_DEVICE/Target/usbd_conf.o
                0x080079c8                USBD_LL_PrepareReceive
 .text.USBD_LL_GetRxDataSize
                0x08007a0a       0x26 ./USB_DEVICE/Target/usbd_conf.o
                0x08007a0a                USBD_LL_GetRxDataSize
 .text.USBD_static_malloc
                0x08007a30       0x1c ./USB_DEVICE/Target/usbd_conf.o
                0x08007a30                USBD_static_malloc
 .text.USBD_static_free
                0x08007a4c       0x14 ./USB_DEVICE/Target/usbd_conf.o
                0x08007a4c                USBD_static_free
 .text.USBD_Get_USB_Status
                0x08007a60       0x58 ./USB_DEVICE/Target/usbd_conf.o
                0x08007a60                USBD_Get_USB_Status
 .text.memset   0x08007ab8       0x10 C:/STM/STM32CubeIDE_1.12.1/STM32CubeIDE/plugins/com.st.stm32cube.ide.mcu.externaltools.gnu-tools-for-stm32.13.3.rel1.win32_1.0.0.202411081344/tools/bin/../lib/gcc/arm-none-eabi/13.3.1/../../../../arm-none-eabi/lib/thumb/v7e-m+fp/hard\libc_nano.a(libc_a-memset.o)
                0x08007ab8                memset
 .text.__libc_init_array
                0x08007ac8       0x48 C:/STM/STM32CubeIDE_1.12.1/STM32CubeIDE/plugins/com.st.stm32cube.ide.mcu.externaltools.gnu-tools-for-stm32.13.3.rel1.win32_1.0.0.202411081344/tools/bin/../lib/gcc/arm-none-eabi/13.3.1/../../../../arm-none-eabi/lib/thumb/v7e-m+fp/hard\libc_nano.a(libc_a-init.o)
                0x08007ac8                __libc_init_array
 .text.memcpy   0x08007b10       0x1c C:/STM/STM32CubeIDE_1.12.1/STM32CubeIDE/plugins/com.st.stm32cube.ide.mcu.externaltools.gnu-tools-for-stm32.13.3.rel1.win32_1.0.0.202411081344/tools/bin/../lib/gcc/arm-none-eabi/13.3.1/../../../../arm-none-eabi/lib/thumb/v7e-m+fp/hard\libc_nano.a(libc_a-memcpy-stub.o)
                0x08007b10                memcpy
 *(.glue_7)
 .glue_7        0x08007b2c        0x0 linker stubs
 *(.glue_7t)
 .glue_7t       0x08007b2c        0x0 linker stubs
 *(.eh_frame)
 .eh_frame      0x08007b2c        0x0 C:/STM/STM32CubeIDE_1.12.1/STM32CubeIDE/plugins/com.st.stm32cube.ide.mcu.externaltools.gnu-tools-for-stm32.13.3.rel1.win32_1.0.0.202411081344/tools/bin/../lib/gcc/arm-none-eabi/13.3.1/thumb/v7e-m+fp/hard/crtbegin.o
 *(.init)
 .init          0x08007b2c        0x4 C:/STM/STM32CubeIDE_1.12.1/STM32CubeIDE/plugins/com.st.stm32cube.ide.mcu.externaltools.gnu-tools-for-stm32.13.3.rel1.win32_1.0.0.202411081344/tools/bin/../lib/gcc/arm-none-eabi/13.3.1/thumb/v7e-m+fp/hard/crti.o
                0x08007b2c                _init
 .init          0x08007b30        0x8 C:/STM/STM32CubeIDE_1.12.1/STM32CubeIDE/plugins/com.st.stm32cube.ide.mcu.externaltools.gnu-tools-for-stm32.13.3.rel1.win32_1.0.0.202411081344/tools/bin/../lib/gcc/arm-none-eabi/13.3.1/thumb/v7e-m+fp/hard/crtn.o
 *(.fini)
 .fini          0x08007b38        0x4 C:/STM/STM32CubeIDE_1.12.1/STM32CubeIDE/plugins/com.st.stm32cube.ide.mcu.externaltools.gnu-tools-for-stm32.13.3.rel1.win32_1.0.0.202411081344/tools/bin/../lib/gcc/arm-none-eabi/13.3.1/thumb/v7e-m+fp/hard/crti.o
                0x08007b38                _fini
 .fini          0x08007b3c        0x8 C:/STM/STM32CubeIDE_1.12.1/STM32CubeIDE/plugins/com.st.stm32cube.ide.mcu.externaltools.gnu-tools-for-stm32.13.3.rel1.win32_1.0.0.202411081344/tools/bin/../lib/gcc/arm-none-eabi/13.3.1/thumb/v7e-m+fp/hard/crtn.o
                0x08007b44                        . = ALIGN (0x4)
                0x08007b44                        _etext = .

.vfp11_veneer   0x08007b44        0x0
 .vfp11_veneer  0x08007b44        0x0 linker stubs

.v4_bx          0x08007b44        0x0
 .v4_bx         0x08007b44        0x0 linker stubs

.iplt           0x08007b44        0x0
 .iplt          0x08007b44        0x0 C:/STM/STM32CubeIDE_1.12.1/STM32CubeIDE/plugins/com.st.stm32cube.ide.mcu.externaltools.gnu-tools-for-stm32.13.3.rel1.win32_1.0.0.202411081344/tools/bin/../lib/gcc/arm-none-eabi/13.3.1/thumb/v7e-m+fp/hard/crtbegin.o

.rodata         0x08007b44       0x58
                0x08007b44                        . = ALIGN (0x4)
 *(.rodata)
 .rodata        0x08007b44       0x46 ./USB_DEVICE/App/usbd_desc.o
 *(.rodata*)
 *fill*         0x08007b8a        0x2 
 .rodata.AHBPrescTable
                0x08007b8c       0x10 ./Core/Src/system_stm32f4xx.o
                0x08007b8c                AHBPrescTable
                0x08007b9c                        . = ALIGN (0x4)

.ARM.extab      0x08007b9c        0x0
                0x08007b9c                        . = ALIGN (0x4)
 *(.ARM.extab* .gnu.linkonce.armextab.*)
                0x08007b9c                        . = ALIGN (0x4)

.ARM            0x08007b9c        0x8
                0x08007b9c                        . = ALIGN (0x4)
                0x08007b9c                        __exidx_start = .
 *(.ARM.exidx*)
 .ARM.exidx     0x08007b9c        0x8 C:/STM/STM32CubeIDE_1.12.1/STM32CubeIDE/plugins/com.st.stm32cube.ide.mcu.externaltools.gnu-tools-for-stm32.13.3.rel1.win32_1.0.0.202411081344/tools/bin/../lib/gcc/arm-none-eabi/13.3.1/thumb/v7e-m+fp/hard\libgcc.a(_udivmoddi4.o)
                0x08007ba4                        __exidx_end = .
                0x08007ba4                        . = ALIGN (0x4)

.preinit_array  0x08007ba4        0x0
                0x08007ba4                        . = ALIGN (0x4)
                0x08007ba4                        PROVIDE (__preinit_array_start = .)
 *(.preinit_array*)
                0x08007ba4                        PROVIDE (__preinit_array_end = .)
                0x08007ba4                        . = ALIGN (0x4)

.init_array     0x08007ba4        0x4
                0x08007ba4                        . = ALIGN (0x4)
                0x08007ba4                        PROVIDE (__init_array_start = .)
 *(SORT_BY_NAME(.init_array.*))
 *(.init_array*)
 .init_array    0x08007ba4        0x4 C:/STM/STM32CubeIDE_1.12.1/STM32CubeIDE/plugins/com.st.stm32cube.ide.mcu.externaltools.gnu-tools-for-stm32.13.3.rel1.win32_1.0.0.202411081344/tools/bin/../lib/gcc/arm-none-eabi/13.3.1/thumb/v7e-m+fp/hard/crtbegin.o
                0x08007ba8                        PROVIDE (__init_array_end = .)
                0x08007ba8                        . = ALIGN (0x4)

.fini_array     0x08007ba8        0x4
                0x08007ba8                        . = ALIGN (0x4)
                [!provide]                        PROVIDE (__fini_array_start = .)
 *(SORT_BY_NAME(.fini_array.*))
 *(.fini_array*)
 .fini_array    0x08007ba8        0x4 C:/STM/STM32CubeIDE_1.12.1/STM32CubeIDE/plugins/com.st.stm32cube.ide.mcu.externaltools.gnu-tools-for-stm32.13.3.rel1.win32_1.0.0.202411081344/tools/bin/../lib/gcc/arm-none-eabi/13.3.1/thumb/v7e-m+fp/hard/crtbegin.o
                [!provide]                        PROVIDE (__fini_array_end = .)
                0x08007bac                        . = ALIGN (0x4)
                0x08007bac                        _sidata = LOADADDR (.data)

.rel.dyn        0x08007bac        0x0
 .rel.iplt      0x08007bac        0x0 C:/STM/STM32CubeIDE_1.12.1/STM32CubeIDE/plugins/com.st.stm32cube.ide.mcu.externaltools.gnu-tools-for-stm32.13.3.rel1.win32_1.0.0.202411081344/tools/bin/../lib/gcc/arm-none-eabi/13.3.1/thumb/v7e-m+fp/hard/crtbegin.o

.data           0x20000000      0x12c load address 0x08007bac
                0x20000000                        . = ALIGN (0x4)
                0x20000000                        _sdata = .
 *(.data)
 *(.data*)
 .data.S        0x20000000       0x30 ./Core/Src/main.o
                0x20000000                S
 .data.SystemCoreClock
                0x20000030        0x4 ./Core/Src/system_stm32f4xx.o
                0x20000030                SystemCoreClock
 .data.uwTickPrio
                0x20000034        0x4 ./Drivers/STM32F4xx_HAL_Driver/Src/stm32f4xx_hal.o
                0x20000034                uwTickPrio
 .data.uwTickFreq
                0x20000038        0x1 ./Drivers/STM32F4xx_HAL_Driver/Src/stm32f4xx_hal.o
                0x20000038                uwTickFreq
 *fill*         0x20000039        0x3 
 .data.USBD_CDC_DeviceQualifierDesc
                0x2000003c        0xa ./Middlewares/ST/STM32_USB_Device_Library/Class/CDC/Src/usbd_cdc.o
 *fill*         0x20000046        0x2 
 .data.USBD_CDC
                0x20000048       0x38 ./Middlewares/ST/STM32_USB_Device_Library/Class/CDC/Src/usbd_cdc.o
                0x20000048                USBD_CDC
 .data.USBD_CDC_CfgDesc
                0x20000080       0x43 ./Middlewares/ST/STM32_USB_Device_Library/Class/CDC/Src/usbd_cdc.o
 .data.CDCInEpAdd
                0x200000c3        0x1 ./Middlewares/ST/STM32_USB_Device_Library/Class/CDC/Src/usbd_cdc.o
 .data.CDCOutEpAdd
                0x200000c4        0x1 ./Middlewares/ST/STM32_USB_Device_Library/Class/CDC/Src/usbd_cdc.o
 .data.CDCCmdEpAdd
                0x200000c5        0x1 ./Middlewares/ST/STM32_USB_Device_Library/Class/CDC/Src/usbd_cdc.o
 *fill*         0x200000c6        0x2 
 .data.USBD_Interface_fops_FS
                0x200000c8       0x14 ./USB_DEVICE/App/usbd_cdc_if.o
                0x200000c8                USBD_Interface_fops_FS
 .data.FS_Desc  0x200000dc       0x1c ./USB_DEVICE/App/usbd_desc.o
                0x200000dc                FS_Desc
 .data.USBD_FS_DeviceDesc
                0x200000f8       0x12 ./USB_DEVICE/App/usbd_desc.o
                0x200000f8                USBD_FS_DeviceDesc
 *fill*         0x2000010a        0x2 
 .data.USBD_LangIDDesc
                0x2000010c        0x4 ./USB_DEVICE/App/usbd_desc.o
                0x2000010c                USBD_LangIDDesc
 .data.USBD_StringSerial
                0x20000110       0x1a ./USB_DEVICE/App/usbd_desc.o
                0x20000110                USBD_StringSerial
 *(.RamFunc)
 *(.RamFunc*)
                0x2000012c                        . = ALIGN (0x4)
 *fill*         0x2000012a        0x2 
                0x2000012c                        _edata = .
                0x08007cd8                        _siccmram = LOADADDR (.ccmram)

.igot.plt       0x2000012c        0x0 load address 0x08007cd8
 .igot.plt      0x2000012c        0x0 C:/STM/STM32CubeIDE_1.12.1/STM32CubeIDE/plugins/com.st.stm32cube.ide.mcu.externaltools.gnu-tools-for-stm32.13.3.rel1.win32_1.0.0.202411081344/tools/bin/../lib/gcc/arm-none-eabi/13.3.1/thumb/v7e-m+fp/hard/crtbegin.o

.ccmram         0x10000000        0x0 load address 0x08007cd8
                0x10000000                        . = ALIGN (0x4)
                0x10000000                        _sccmram = .
 *(.ccmram)
 *(.ccmram*)
                0x10000000                        . = ALIGN (0x4)
                0x10000000                        _eccmram = .
                0x10000000                        . = ALIGN (0x4)

.bss            0x2000012c     0x2214
                0x2000012c                        _sbss = .
                0x2000012c                        __bss_start__ = _sbss
 *(.bss)
 .bss           0x2000012c       0x1c C:/STM/STM32CubeIDE_1.12.1/STM32CubeIDE/plugins/com.st.stm32cube.ide.mcu.externaltools.gnu-tools-for-stm32.13.3.rel1.win32_1.0.0.202411081344/tools/bin/../lib/gcc/arm-none-eabi/13.3.1/thumb/v7e-m+fp/hard/crtbegin.o
 *(.bss*)
 .bss.TxBuffer  0x20000148      0x100 ./Core/Hardware_Interface/Hardware_Interface.o
                0x20000148                TxBuffer
 .bss.htim1     0x20000248       0x48 ./Core/Src/main.o
                0x20000248                htim1
 .bss.F         0x20000290       0x18 ./Core/Src/main.o
                0x20000290                F
 .bss.FrameBuffer
                0x200002a8      0x4b0 ./Core/Src/main.o
                0x200002a8                FrameBuffer
 .bss.uwTick    0x20000758        0x4 ./Drivers/STM32F4xx_HAL_Driver/Src/stm32f4xx_hal.o
                0x20000758                uwTick
 .bss.cfgidx.0  0x2000075c        0x1 ./Middlewares/ST/STM32_USB_Device_Library/Core/Src/usbd_ctlreq.o
 *fill*         0x2000075d        0x3 
 .bss.hUsbDeviceFS
                0x20000760      0x2dc ./USB_DEVICE/App/usb_device.o
                0x20000760                hUsbDeviceFS
 .bss.UserRxBufferFS
                0x20000a3c      0x800 ./USB_DEVICE/App/usbd_cdc_if.o
                0x20000a3c                UserRxBufferFS
 .bss.UserTxBufferFS
                0x2000123c      0x800 ./USB_DEVICE/App/usbd_cdc_if.o
                0x2000123c                UserTxBufferFS
 .bss.USBD_StrDesc
                0x20001a3c      0x200 ./USB_DEVICE/App/usbd_desc.o
                0x20001a3c                USBD_StrDesc
 .bss.hpcd_USB_OTG_FS
                0x20001c3c      0x4e4 ./USB_DEVICE/Target/usbd_conf.o
                0x20001c3c                hpcd_USB_OTG_FS
 .bss.mem.0     0x20002120      0x220 ./USB_DEVICE/Target/usbd_conf.o
 *(COMMON)
                0x20002340                        . = ALIGN (0x4)
                0x20002340                        _ebss = .
                0x20002340                        __bss_end__ = _ebss

._user_heap_stack
                0x20002340      0x600
                0x20002340                        . = ALIGN (0x8)
                [!provide]                        PROVIDE (end = .)
                0x20002340                        PROVIDE (_end = .)
                0x20002540                        . = (. + _Min_Heap_Size)
 *fill*         0x20002340      0x200 
                0x20002940                        . = (. + _Min_Stack_Size)
 *fill*         0x20002540      0x400 
                0x20002940                        . = ALIGN (0x8)

/DISCARD/
 libc.a(*)
 libm.a(*)
 libgcc.a(*)

.ARM.attributes
                0x00000000       0x30
 *(.ARM.attributes)
 .ARM.attributes
                0x00000000       0x22 C:/STM/STM32CubeIDE_1.12.1/STM32CubeIDE/plugins/com.st.stm32cube.ide.mcu.externaltools.gnu-tools-for-stm32.13.3.rel1.win32_1.0.0.202411081344/tools/bin/../lib/gcc/arm-none-eabi/13.3.1/thumb/v7e-m+fp/hard/crti.o
 .ARM.attributes
                0x00000022       0x34 C:/STM/STM32CubeIDE_1.12.1/STM32CubeIDE/plugins/com.st.stm32cube.ide.mcu.externaltools.gnu-tools-for-stm32.13.3.rel1.win32_1.0.0.202411081344/tools/bin/../lib/gcc/arm-none-eabi/13.3.1/thumb/v7e-m+fp/hard/crtbegin.o
 .ARM.attributes
                0x00000056       0x34 ./Core/Hardware_Interface/Hardware_Interface.o
 .ARM.attributes
                0x0000008a       0x34 ./Core/Src/main.o
 .ARM.attributes
                0x000000be       0x34 ./Core/Src/stm32f4xx_hal_msp.o
 .ARM.attributes
                0x000000f2       0x34 ./Core/Src/stm32f4xx_it.o
 .ARM.attributes
                0x00000126       0x34 ./Core/Src/system_stm32f4xx.o
 .ARM.attributes
                0x0000015a       0x21 ./Core/Startup/startup_stm32f405rgtx.o
 .ARM.attributes
                0x0000017b       0x34 ./Drivers/FIFO/FIFO.o
 .ARM.attributes
                0x000001af       0x34 ./Drivers/STM32F4xx_HAL_Driver/Src/stm32f4xx_hal.o
 .ARM.attributes
                0x000001e3       0x34 ./Drivers/STM32F4xx_HAL_Driver/Src/stm32f4xx_hal_cortex.o
 .ARM.attributes
                0x00000217       0x34 ./Drivers/STM32F4xx_HAL_Driver/Src/stm32f4xx_hal_gpio.o
 .ARM.attributes
                0x0000024b       0x34 ./Drivers/STM32F4xx_HAL_Driver/Src/stm32f4xx_hal_pcd.o
 .ARM.attributes
                0x0000027f       0x34 ./Drivers/STM32F4xx_HAL_Driver/Src/stm32f4xx_hal_pcd_ex.o
 .ARM.attributes
                0x000002b3       0x34 ./Drivers/STM32F4xx_HAL_Driver/Src/stm32f4xx_hal_rcc.o
 .ARM.attributes
                0x000002e7       0x34 ./Drivers/STM32F4xx_HAL_Driver/Src/stm32f4xx_hal_tim.o
 .ARM.attributes
                0x0000031b       0x34 ./Drivers/STM32F4xx_HAL_Driver/Src/stm32f4xx_hal_tim_ex.o
 .ARM.attributes
                0x0000034f       0x34 ./Drivers/STM32F4xx_HAL_Driver/Src/stm32f4xx_ll_usb.o
 .ARM.attributes
                0x00000383       0x34 ./Drivers/SbW_Protocol/SbW_Protocol.o
 .ARM.attributes
                0x000003b7       0x34 ./Middlewares/ST/STM32_USB_Device_Library/Class/CDC/Src/usbd_cdc.o
 .ARM.attributes
                0x000003eb       0x34 ./Middlewares/ST/STM32_USB_Device_Library/Core/Src/usbd_core.o
 .ARM.attributes
                0x0000041f       0x34 ./Middlewares/ST/STM32_USB_Device_Library/Core/Src/usbd_ctlreq.o
 .ARM.attributes
                0x00000453       0x34 ./Middlewares/ST/STM32_USB_Device_Library/Core/Src/usbd_ioreq.o
 .ARM.attributes
                0x00000487       0x34 ./USB_DEVICE/App/usb_device.o
 .ARM.attributes
                0x000004bb       0x34 ./USB_DEVICE/App/usbd_cdc_if.o
 .ARM.attributes
                0x000004ef       0x34 ./USB_DEVICE/App/usbd_desc.o
 .ARM.attributes
                0x00000523       0x34 ./USB_DEVICE/Target/usbd_conf.o
 .ARM.attributes
                0x00000557       0x34 C:/STM/STM32CubeIDE_1.12.1/STM32CubeIDE/plugins/com.st.stm32cube.ide.mcu.externaltools.gnu-tools-for-stm32.13.3.rel1.win32_1.0.0.202411081344/tools/bin/../lib/gcc/arm-none-eabi/13.3.1/../../../../arm-none-eabi/lib/thumb/v7e-m+fp/hard\libc_nano.a(libc_a-memset.o)
 .ARM.attributes
                0x0000058b       0x34 C:/STM/STM32CubeIDE_1.12.1/STM32CubeIDE/plugins/com.st.stm32cube.ide.mcu.externaltools.gnu-tools-for-stm32.13.3.rel1.win32_1.0.0.202411081344/tools/bin/../lib/gcc/arm-none-eabi/13.3.1/../../../../arm-none-eabi/lib/thumb/v7e-m+fp/hard\libc_nano.a(libc_a-init.o)
 .ARM.attributes
                0x000005bf       0x34 C:/STM/STM32CubeIDE_1.12.1/STM32CubeIDE/plugins/com.st.stm32cube.ide.mcu.externaltools.gnu-tools-for-stm32.13.3.rel1.win32_1.0.0.202411081344/tools/bin/../lib/gcc/arm-none-eabi/13.3.1/../../../../arm-none-eabi/lib/thumb/v7e-m+fp/hard\libc_nano.a(libc_a-memcpy-stub.o)
 .ARM.attributes
                0x000005f3       0x22 C:/STM/STM32CubeIDE_1.12.1/STM32CubeIDE/plugins/com.st.stm32cube.ide.mcu.externaltools.gnu-tools-for-stm32.13.3.rel1.win32_1.0.0.202411081344/tools/bin/../lib/gcc/arm-none-eabi/13.3.1/thumb/v7e-m+fp/hard\libgcc.a(_aeabi_uldivmod.o)
 .ARM.attributes
                0x00000615       0x34 C:/STM/STM32CubeIDE_1.12.1/STM32CubeIDE/plugins/com.st.stm32cube.ide.mcu.externaltools.gnu-tools-for-stm32.13.3.rel1.win32_1.0.0.202411081344/tools/bin/../lib/gcc/arm-none-eabi/13.3.1/thumb/v7e-m+fp/hard\libgcc.a(_udivmoddi4.o)
 .ARM.attributes
                0x00000649       0x22 C:/STM/STM32CubeIDE_1.12.1/STM32CubeIDE/plugins/com.st.stm32cube.ide.mcu.externaltools.gnu-tools-for-stm32.13.3.rel1.win32_1.0.0.202411081344/tools/bin/../lib/gcc/arm-none-eabi/13.3.1/thumb/v7e-m+fp/hard\libgcc.a(_dvmd_tls.o)
 .ARM.attributes
                0x0000066b       0x22 C:/STM/STM32CubeIDE_1.12.1/STM32CubeIDE/plugins/com.st.stm32cube.ide.mcu.externaltools.gnu-tools-for-stm32.13.3.rel1.win32_1.0.0.202411081344/tools/bin/../lib/gcc/arm-none-eabi/13.3.1/thumb/v7e-m+fp/hard/crtn.o
OUTPUT(USB_Custom_Protocol_F405.elf elf32-littlearm)
LOAD linker stubs
LOAD C:/STM/STM32CubeIDE_1.12.1/STM32CubeIDE/plugins/com.st.stm32cube.ide.mcu.externaltools.gnu-tools-for-stm32.13.3.rel1.win32_1.0.0.202411081344/tools/bin/../lib/gcc/arm-none-eabi/13.3.1/../../../../arm-none-eabi/lib/thumb/v7e-m+fp/hard\libc.a
LOAD C:/STM/STM32CubeIDE_1.12.1/STM32CubeIDE/plugins/com.st.stm32cube.ide.mcu.externaltools.gnu-tools-for-stm32.13.3.rel1.win32_1.0.0.202411081344/tools/bin/../lib/gcc/arm-none-eabi/13.3.1/../../../../arm-none-eabi/lib/thumb/v7e-m+fp/hard\libm.a
LOAD C:/STM/STM32CubeIDE_1.12.1/STM32CubeIDE/plugins/com.st.stm32cube.ide.mcu.externaltools.gnu-tools-for-stm32.13.3.rel1.win32_1.0.0.202411081344/tools/bin/../lib/gcc/arm-none-eabi/13.3.1/thumb/v7e-m+fp/hard\libgcc.a

.debug_info     0x00000000    0x13ad4
 .debug_info    0x00000000      0x970 ./Core/Hardware_Interface/Hardware_Interface.o
 .debug_info    0x00000970      0xeee ./Core/Src/main.o
 .debug_info    0x0000185e      0xade ./Core/Src/stm32f4xx_hal_msp.o
 .debug_info    0x0000233c      0xbc6 ./Core/Src/stm32f4xx_it.o
 .debug_info    0x00002f02      0x512 ./Core/Src/system_stm32f4xx.o
 .debug_info    0x00003414       0x30 ./Core/Startup/startup_stm32f405rgtx.o
 .debug_info    0x00003444      0x1c6 ./Drivers/FIFO/FIFO.o
 .debug_info    0x0000360a      0x932 ./Drivers/STM32F4xx_HAL_Driver/Src/stm32f4xx_hal.o
 .debug_info    0x00003f3c      0xd7a ./Drivers/STM32F4xx_HAL_Driver/Src/stm32f4xx_hal_cortex.o
 .debug_info    0x00004cb6      0x6c3 ./Drivers/STM32F4xx_HAL_Driver/Src/stm32f4xx_hal_gpio.o
 .debug_info    0x00005379     0x156f ./Drivers/STM32F4xx_HAL_Driver/Src/stm32f4xx_hal_pcd.o
 .debug_info    0x000068e8      0x6ea ./Drivers/STM32F4xx_HAL_Driver/Src/stm32f4xx_hal_pcd_ex.o
 .debug_info    0x00006fd2      0x8af ./Drivers/STM32F4xx_HAL_Driver/Src/stm32f4xx_hal_rcc.o
 .debug_info    0x00007881     0x299d ./Drivers/STM32F4xx_HAL_Driver/Src/stm32f4xx_hal_tim.o
 .debug_info    0x0000a21e     0x14db ./Drivers/STM32F4xx_HAL_Driver/Src/stm32f4xx_hal_tim_ex.o
 .debug_info    0x0000b6f9     0x1993 ./Drivers/STM32F4xx_HAL_Driver/Src/stm32f4xx_ll_usb.o
 .debug_info    0x0000d08c      0x4ce ./Drivers/SbW_Protocol/SbW_Protocol.o
 .debug_info    0x0000d55a     0x12a3 ./Middlewares/ST/STM32_USB_Device_Library/Class/CDC/Src/usbd_cdc.o
 .debug_info    0x0000e7fd      0xe05 ./Middlewares/ST/STM32_USB_Device_Library/Core/Src/usbd_core.o
 .debug_info    0x0000f602      0xade ./Middlewares/ST/STM32_USB_Device_Library/Core/Src/usbd_ctlreq.o
 .debug_info    0x000100e0      0x755 ./Middlewares/ST/STM32_USB_Device_Library/Core/Src/usbd_ioreq.o
 .debug_info    0x00010835      0x701 ./USB_DEVICE/App/usb_device.o
 .debug_info    0x00010f36      0xaef ./USB_DEVICE/App/usbd_cdc_if.o
 .debug_info    0x00011a25      0x458 ./USB_DEVICE/App/usbd_desc.o
 .debug_info    0x00011e7d     0x1c57 ./USB_DEVICE/Target/usbd_conf.o

.debug_abbrev   0x00000000     0x35d8
 .debug_abbrev  0x00000000      0x233 ./Core/Hardware_Interface/Hardware_Interface.o
 .debug_abbrev  0x00000233      0x312 ./Core/Src/main.o
 .debug_abbrev  0x00000545      0x1ae ./Core/Src/stm32f4xx_hal_msp.o
 .debug_abbrev  0x000006f3      0x1fc ./Core/Src/stm32f4xx_it.o
 .debug_abbrev  0x000008ef      0x11a ./Core/Src/system_stm32f4xx.o
 .debug_abbrev  0x00000a09       0x24 ./Core/Startup/startup_stm32f405rgtx.o
 .debug_abbrev  0x00000a2d       0xd3 ./Drivers/FIFO/FIFO.o
 .debug_abbrev  0x00000b00      0x214 ./Drivers/STM32F4xx_HAL_Driver/Src/stm32f4xx_hal.o
 .debug_abbrev  0x00000d14      0x31d ./Drivers/STM32F4xx_HAL_Driver/Src/stm32f4xx_hal_cortex.o
 .debug_abbrev  0x00001031      0x1d4 ./Drivers/STM32F4xx_HAL_Driver/Src/stm32f4xx_hal_gpio.o
 .debug_abbrev  0x00001205      0x2b9 ./Drivers/STM32F4xx_HAL_Driver/Src/stm32f4xx_hal_pcd.o
 .debug_abbrev  0x000014be      0x1da ./Drivers/STM32F4xx_HAL_Driver/Src/stm32f4xx_hal_pcd_ex.o
 .debug_abbrev  0x00001698      0x2b7 ./Drivers/STM32F4xx_HAL_Driver/Src/stm32f4xx_hal_rcc.o
 .debug_abbrev  0x0000194f      0x278 ./Drivers/STM32F4xx_HAL_Driver/Src/stm32f4xx_hal_tim.o
 .debug_abbrev  0x00001bc7      0x283 ./Drivers/STM32F4xx_HAL_Driver/Src/stm32f4xx_hal_tim_ex.o
 .debug_abbrev  0x00001e4a      0x2b3 ./Drivers/STM32F4xx_HAL_Driver/Src/stm32f4xx_ll_usb.o
 .debug_abbrev  0x000020fd      0x1bd ./Drivers/SbW_Protocol/SbW_Protocol.o
 .debug_abbrev  0x000022ba      0x2d2 ./Middlewares/ST/STM32_USB_Device_Library/Class/CDC/Src/usbd_cdc.o
 .debug_abbrev  0x0000258c      0x27c ./Middlewares/ST/STM32_USB_Device_Library/Core/Src/usbd_core.o
 .debug_abbrev  0x00002808      0x26f ./Middlewares/ST/STM32_USB_Device_Library/Core/Src/usbd_ctlreq.o
 .debug_abbrev  0x00002a77      0x19a ./Middlewares/ST/STM32_USB_Device_Library/Core/Src/usbd_ioreq.o
 .debug_abbrev  0x00002c11      0x195 ./USB_DEVICE/App/usb_device.o
 .debug_abbrev  0x00002da6      0x312 ./USB_DEVICE/App/usbd_cdc_if.o
 .debug_abbrev  0x000030b8      0x1e1 ./USB_DEVICE/App/usbd_desc.o
 .debug_abbrev  0x00003299      0x33f ./USB_DEVICE/Target/usbd_conf.o

.debug_aranges  0x00000000     0x1160
 .debug_aranges
                0x00000000       0x30 ./Core/Hardware_Interface/Hardware_Interface.o
 .debug_aranges
                0x00000030       0x40 ./Core/Src/main.o
 .debug_aranges
                0x00000070       0x30 ./Core/Src/stm32f4xx_hal_msp.o
 .debug_aranges
                0x000000a0       0x70 ./Core/Src/stm32f4xx_it.o
 .debug_aranges
                0x00000110       0x28 ./Core/Src/system_stm32f4xx.o
 .debug_aranges
                0x00000138       0x28 ./Core/Startup/startup_stm32f405rgtx.o
 .debug_aranges
                0x00000160       0x38 ./Drivers/FIFO/FIFO.o
 .debug_aranges
                0x00000198       0xf0 ./Drivers/STM32F4xx_HAL_Driver/Src/stm32f4xx_hal.o
 .debug_aranges
                0x00000288      0x130 ./Drivers/STM32F4xx_HAL_Driver/Src/stm32f4xx_hal_cortex.o
 .debug_aranges
                0x000003b8       0x58 ./Drivers/STM32F4xx_HAL_Driver/Src/stm32f4xx_hal_gpio.o
 .debug_aranges
                0x00000410      0x148 ./Drivers/STM32F4xx_HAL_Driver/Src/stm32f4xx_hal_pcd.o
 .debug_aranges
                0x00000558       0x38 ./Drivers/STM32F4xx_HAL_Driver/Src/stm32f4xx_hal_pcd_ex.o
 .debug_aranges
                0x00000590       0x88 ./Drivers/STM32F4xx_HAL_Driver/Src/stm32f4xx_hal_rcc.o
 .debug_aranges
                0x00000618      0x3d0 ./Drivers/STM32F4xx_HAL_Driver/Src/stm32f4xx_hal_tim.o
 .debug_aranges
                0x000009e8      0x168 ./Drivers/STM32F4xx_HAL_Driver/Src/stm32f4xx_hal_tim_ex.o
 .debug_aranges
                0x00000b50      0x1a0 ./Drivers/STM32F4xx_HAL_Driver/Src/stm32f4xx_ll_usb.o
 .debug_aranges
                0x00000cf0       0x50 ./Drivers/SbW_Protocol/SbW_Protocol.o
 .debug_aranges
                0x00000d40       0x90 ./Middlewares/ST/STM32_USB_Device_Library/Class/CDC/Src/usbd_cdc.o
 .debug_aranges
                0x00000dd0       0xd8 ./Middlewares/ST/STM32_USB_Device_Library/Core/Src/usbd_core.o
 .debug_aranges
                0x00000ea8       0x90 ./Middlewares/ST/STM32_USB_Device_Library/Core/Src/usbd_ctlreq.o
 .debug_aranges
                0x00000f38       0x50 ./Middlewares/ST/STM32_USB_Device_Library/Core/Src/usbd_ioreq.o
 .debug_aranges
                0x00000f88       0x20 ./USB_DEVICE/App/usb_device.o
 .debug_aranges
                0x00000fa8       0x48 ./USB_DEVICE/App/usbd_cdc_if.o
 .debug_aranges
                0x00000ff0       0x60 ./USB_DEVICE/App/usbd_desc.o
 .debug_aranges
                0x00001050      0x110 ./USB_DEVICE/Target/usbd_conf.o

.debug_rnglists
                0x00000000      0xd28
 .debug_rnglists
                0x00000000       0x1f ./Core/Hardware_Interface/Hardware_Interface.o
 .debug_rnglists
                0x0000001f       0x2d ./Core/Src/main.o
 .debug_rnglists
                0x0000004c       0x1f ./Core/Src/stm32f4xx_hal_msp.o
 .debug_rnglists
                0x0000006b       0x4f ./Core/Src/stm32f4xx_it.o
 .debug_rnglists
                0x000000ba       0x1a ./Core/Src/system_stm32f4xx.o
 .debug_rnglists
                0x000000d4       0x19 ./Core/Startup/startup_stm32f405rgtx.o
 .debug_rnglists
                0x000000ed       0x25 ./Drivers/FIFO/FIFO.o
 .debug_rnglists
                0x00000112       0xaf ./Drivers/STM32F4xx_HAL_Driver/Src/stm32f4xx_hal.o
 .debug_rnglists
                0x000001c1       0xe0 ./Drivers/STM32F4xx_HAL_Driver/Src/stm32f4xx_hal_cortex.o
 .debug_rnglists
                0x000002a1       0x3f ./Drivers/STM32F4xx_HAL_Driver/Src/stm32f4xx_hal_gpio.o
 .debug_rnglists
                0x000002e0       0xfa ./Drivers/STM32F4xx_HAL_Driver/Src/stm32f4xx_hal_pcd.o
 .debug_rnglists
                0x000003da       0x26 ./Drivers/STM32F4xx_HAL_Driver/Src/stm32f4xx_hal_pcd_ex.o
 .debug_rnglists
                0x00000400       0x66 ./Drivers/STM32F4xx_HAL_Driver/Src/stm32f4xx_hal_rcc.o
 .debug_rnglists
                0x00000466      0x31a ./Drivers/STM32F4xx_HAL_Driver/Src/stm32f4xx_hal_tim.o
 .debug_rnglists
                0x00000780      0x125 ./Drivers/STM32F4xx_HAL_Driver/Src/stm32f4xx_hal_tim_ex.o
 .debug_rnglists
                0x000008a5      0x147 ./Drivers/STM32F4xx_HAL_Driver/Src/stm32f4xx_ll_usb.o
 .debug_rnglists
                0x000009ec       0x39 ./Drivers/SbW_Protocol/SbW_Protocol.o
 .debug_rnglists
                0x00000a25       0x6c ./Middlewares/ST/STM32_USB_Device_Library/Class/CDC/Src/usbd_cdc.o
 .debug_rnglists
                0x00000a91       0xa1 ./Middlewares/ST/STM32_USB_Device_Library/Core/Src/usbd_core.o
 .debug_rnglists
                0x00000b32       0x6e ./Middlewares/ST/STM32_USB_Device_Library/Core/Src/usbd_ctlreq.o
 .debug_rnglists
                0x00000ba0       0x37 ./Middlewares/ST/STM32_USB_Device_Library/Core/Src/usbd_ioreq.o
 .debug_rnglists
                0x00000bd7       0x13 ./USB_DEVICE/App/usb_device.o
 .debug_rnglists
                0x00000bea       0x32 ./USB_DEVICE/App/usbd_cdc_if.o
 .debug_rnglists
                0x00000c1c       0x43 ./USB_DEVICE/App/usbd_desc.o
 .debug_rnglists
                0x00000c5f       0xc9 ./USB_DEVICE/Target/usbd_conf.o

.debug_macro    0x00000000    0x21fbc
 .debug_macro   0x00000000      0x3b6 ./Core/Hardware_Interface/Hardware_Interface.o
 .debug_macro   0x000003b6      0xad8 ./Core/Hardware_Interface/Hardware_Interface.o
 .debug_macro   0x00000e8e       0x22 ./Core/Hardware_Interface/Hardware_Interface.o
 .debug_macro   0x00000eb0       0x8e ./Core/Hardware_Interface/Hardware_Interface.o
 .debug_macro   0x00000f3e       0x51 ./Core/Hardware_Interface/Hardware_Interface.o
 .debug_macro   0x00000f8f      0x103 ./Core/Hardware_Interface/Hardware_Interface.o
 .debug_macro   0x00001092       0x6a ./Core/Hardware_Interface/Hardware_Interface.o
 .debug_macro   0x000010fc      0x1df ./Core/Hardware_Interface/Hardware_Interface.o
 .debug_macro   0x000012db      0x29b ./Core/Hardware_Interface/Hardware_Interface.o
 .debug_macro   0x00001576       0x2e ./Core/Hardware_Interface/Hardware_Interface.o
 .debug_macro   0x000015a4       0x2f ./Core/Hardware_Interface/Hardware_Interface.o
 .debug_macro   0x000015d3       0x1c ./Core/Hardware_Interface/Hardware_Interface.o
 .debug_macro   0x000015ef       0x22 ./Core/Hardware_Interface/Hardware_Interface.o
 .debug_macro   0x00001611       0xfb ./Core/Hardware_Interface/Hardware_Interface.o
 .debug_macro   0x0000170c     0x1011 ./Core/Hardware_Interface/Hardware_Interface.o
 .debug_macro   0x0000271d      0x11f ./Core/Hardware_Interface/Hardware_Interface.o
 .debug_macro   0x0000283c    0x1426d ./Core/Hardware_Interface/Hardware_Interface.o
 .debug_macro   0x00016aa9       0x6d ./Core/Hardware_Interface/Hardware_Interface.o
 .debug_macro   0x00016b16     0x369a ./Core/Hardware_Interface/Hardware_Interface.o
 .debug_macro   0x0001a1b0      0x190 ./Core/Hardware_Interface/Hardware_Interface.o
 .debug_macro   0x0001a340       0x5c ./Core/Hardware_Interface/Hardware_Interface.o
 .debug_macro   0x0001a39c      0x8bc ./Core/Hardware_Interface/Hardware_Interface.o
 .debug_macro   0x0001ac58      0x9e9 ./Core/Hardware_Interface/Hardware_Interface.o
 .debug_macro   0x0001b641      0x115 ./Core/Hardware_Interface/Hardware_Interface.o
 .debug_macro   0x0001b756      0x130 ./Core/Hardware_Interface/Hardware_Interface.o
 .debug_macro   0x0001b886       0xa5 ./Core/Hardware_Interface/Hardware_Interface.o
 .debug_macro   0x0001b92b      0x174 ./Core/Hardware_Interface/Hardware_Interface.o
 .debug_macro   0x0001ba9f      0x287 ./Core/Hardware_Interface/Hardware_Interface.o
 .debug_macro   0x0001bd26       0x5f ./Core/Hardware_Interface/Hardware_Interface.o
 .debug_macro   0x0001bd85      0x236 ./Core/Hardware_Interface/Hardware_Interface.o
 .debug_macro   0x0001bfbb      0x12c ./Core/Hardware_Interface/Hardware_Interface.o
 .debug_macro   0x0001c0e7      0x21e ./Core/Hardware_Interface/Hardware_Interface.o
 .debug_macro   0x0001c305       0x2e ./Core/Hardware_Interface/Hardware_Interface.o
 .debug_macro   0x0001c333      0x127 ./Core/Hardware_Interface/Hardware_Interface.o
 .debug_macro   0x0001c45a       0x7e ./Core/Hardware_Interface/Hardware_Interface.o
 .debug_macro   0x0001c4d8       0x89 ./Core/Hardware_Interface/Hardware_Interface.o
 .debug_macro   0x0001c561      0x8ed ./Core/Hardware_Interface/Hardware_Interface.o
 .debug_macro   0x0001ce4e       0x4d ./Core/Hardware_Interface/Hardware_Interface.o
 .debug_macro   0x0001ce9b      0x293 ./Core/Hardware_Interface/Hardware_Interface.o
 .debug_macro   0x0001d12e       0xba ./Core/Hardware_Interface/Hardware_Interface.o
 .debug_macro   0x0001d1e8      0x12d ./Core/Hardware_Interface/Hardware_Interface.o
 .debug_macro   0x0001d315       0x61 ./Core/Hardware_Interface/Hardware_Interface.o
 .debug_macro   0x0001d376       0x2a ./Core/Hardware_Interface/Hardware_Interface.o
 .debug_macro   0x0001d3a0       0x43 ./Core/Hardware_Interface/Hardware_Interface.o
 .debug_macro   0x0001d3e3       0x34 ./Core/Hardware_Interface/Hardware_Interface.o
 .debug_macro   0x0001d417       0x16 ./Core/Hardware_Interface/Hardware_Interface.o
 .debug_macro   0x0001d42d       0x3c ./Core/Hardware_Interface/Hardware_Interface.o
 .debug_macro   0x0001d469      0x370 ./Core/Hardware_Interface/Hardware_Interface.o
 .debug_macro   0x0001d7d9       0x10 ./Core/Hardware_Interface/Hardware_Interface.o
 .debug_macro   0x0001d7e9       0x16 ./Core/Hardware_Interface/Hardware_Interface.o
 .debug_macro   0x0001d7ff       0x4a ./Core/Hardware_Interface/Hardware_Interface.o
 .debug_macro   0x0001d849       0x34 ./Core/Hardware_Interface/Hardware_Interface.o
 .debug_macro   0x0001d87d       0x10 ./Core/Hardware_Interface/Hardware_Interface.o
 .debug_macro   0x0001d88d       0x58 ./Core/Hardware_Interface/Hardware_Interface.o
 .debug_macro   0x0001d8e5       0x8e ./Core/Hardware_Interface/Hardware_Interface.o
 .debug_macro   0x0001d973       0x1c ./Core/Hardware_Interface/Hardware_Interface.o
 .debug_macro   0x0001d98f      0x185 ./Core/Hardware_Interface/Hardware_Interface.o
 .debug_macro   0x0001db14       0x16 ./Core/Hardware_Interface/Hardware_Interface.o
 .debug_macro   0x0001db2a       0x16 ./Core/Hardware_Interface/Hardware_Interface.o
 .debug_macro   0x0001db40      0x146 ./Core/Hardware_Interface/Hardware_Interface.o
 .debug_macro   0x0001dc86       0x16 ./Core/Hardware_Interface/Hardware_Interface.o
 .debug_macro   0x0001dc9c       0x16 ./Core/Hardware_Interface/Hardware_Interface.o
 .debug_macro   0x0001dcb2       0x29 ./Core/Hardware_Interface/Hardware_Interface.o
 .debug_macro   0x0001dcdb       0x16 ./Core/Hardware_Interface/Hardware_Interface.o
 .debug_macro   0x0001dcf1       0x20 ./Core/Hardware_Interface/Hardware_Interface.o
 .debug_macro   0x0001dd11       0x65 ./Core/Hardware_Interface/Hardware_Interface.o
 .debug_macro   0x0001dd76      0x20f ./Core/Hardware_Interface/Hardware_Interface.o
 .debug_macro   0x0001df85       0x95 ./Core/Hardware_Interface/Hardware_Interface.o
 .debug_macro   0x0001e01a       0x10 ./Core/Hardware_Interface/Hardware_Interface.o
 .debug_macro   0x0001e02a      0x3d4 ./Core/Src/main.o
 .debug_macro   0x0001e3fe      0x1f2 ./Core/Src/stm32f4xx_hal_msp.o
 .debug_macro   0x0001e5f0      0x1fc ./Core/Src/stm32f4xx_it.o
 .debug_macro   0x0001e7ec      0x1e8 ./Core/Src/system_stm32f4xx.o
 .debug_macro   0x0001e9d4      0x1a8 ./Drivers/FIFO/FIFO.o
 .debug_macro   0x0001eb7c       0x9e ./Drivers/FIFO/FIFO.o
 .debug_macro   0x0001ec1a      0x112 ./Drivers/FIFO/FIFO.o
 .debug_macro   0x0001ed2c      0x248 ./Drivers/STM32F4xx_HAL_Driver/Src/stm32f4xx_hal.o
 .debug_macro   0x0001ef74      0x1e8 ./Drivers/STM32F4xx_HAL_Driver/Src/stm32f4xx_hal_cortex.o
 .debug_macro   0x0001f15c      0x1ee ./Drivers/STM32F4xx_HAL_Driver/Src/stm32f4xx_hal_gpio.o
 .debug_macro   0x0001f34a      0x1f4 ./Drivers/STM32F4xx_HAL_Driver/Src/stm32f4xx_hal_pcd.o
 .debug_macro   0x0001f53e      0x1e8 ./Drivers/STM32F4xx_HAL_Driver/Src/stm32f4xx_hal_pcd_ex.o
 .debug_macro   0x0001f726      0x20c ./Drivers/STM32F4xx_HAL_Driver/Src/stm32f4xx_hal_rcc.o
 .debug_macro   0x0001f932      0x1e9 ./Drivers/STM32F4xx_HAL_Driver/Src/stm32f4xx_hal_tim.o
 .debug_macro   0x0001fb1b      0x1e8 ./Drivers/STM32F4xx_HAL_Driver/Src/stm32f4xx_hal_tim_ex.o
 .debug_macro   0x0001fd03      0x1e8 ./Drivers/STM32F4xx_HAL_Driver/Src/stm32f4xx_ll_usb.o
 .debug_macro   0x0001feeb      0x1b8 ./Drivers/SbW_Protocol/SbW_Protocol.o
 .debug_macro   0x000200a3      0x381 ./Middlewares/ST/STM32_USB_Device_Library/Class/CDC/Src/usbd_cdc.o
 .debug_macro   0x00020424       0x56 ./Middlewares/ST/STM32_USB_Device_Library/Class/CDC/Src/usbd_cdc.o
 .debug_macro   0x0002047a      0x368 ./Middlewares/ST/STM32_USB_Device_Library/Core/Src/usbd_core.o
 .debug_macro   0x000207e2      0x215 ./Middlewares/ST/STM32_USB_Device_Library/Core/Src/usbd_core.o
 .debug_macro   0x000209f7      0x372 ./Middlewares/ST/STM32_USB_Device_Library/Core/Src/usbd_ctlreq.o
 .debug_macro   0x00020d69      0x36e ./Middlewares/ST/STM32_USB_Device_Library/Core/Src/usbd_ioreq.o
 .debug_macro   0x000210d7      0x3a7 ./USB_DEVICE/App/usb_device.o
 .debug_macro   0x0002147e       0x22 ./USB_DEVICE/App/usb_device.o
 .debug_macro   0x000214a0       0x16 ./USB_DEVICE/App/usb_device.o
 .debug_macro   0x000214b6      0x3b4 ./USB_DEVICE/App/usbd_cdc_if.o
 .debug_macro   0x0002186a      0x3ab ./USB_DEVICE/App/usbd_desc.o
 .debug_macro   0x00021c15       0x1c ./USB_DEVICE/App/usbd_desc.o
 .debug_macro   0x00021c31      0x38b ./USB_DEVICE/Target/usbd_conf.o

.debug_line     0x00000000    0x16711
 .debug_line    0x00000000      0xb25 ./Core/Hardware_Interface/Hardware_Interface.o
 .debug_line    0x00000b25      0xc57 ./Core/Src/main.o
 .debug_line    0x0000177c      0x7b4 ./Core/Src/stm32f4xx_hal_msp.o
 .debug_line    0x00001f30      0x85b ./Core/Src/stm32f4xx_it.o
 .debug_line    0x0000278b      0x7fe ./Core/Src/system_stm32f4xx.o
 .debug_line    0x00002f89       0x7a ./Core/Startup/startup_stm32f405rgtx.o
 .debug_line    0x00003003      0x682 ./Drivers/FIFO/FIFO.o
 .debug_line    0x00003685      0xa6b ./Drivers/STM32F4xx_HAL_Driver/Src/stm32f4xx_hal.o
 .debug_line    0x000040f0      0xd3b ./Drivers/STM32F4xx_HAL_Driver/Src/stm32f4xx_hal_cortex.o
 .debug_line    0x00004e2b      0xbc3 ./Drivers/STM32F4xx_HAL_Driver/Src/stm32f4xx_hal_gpio.o
 .debug_line    0x000059ee     0x14b0 ./Drivers/STM32F4xx_HAL_Driver/Src/stm32f4xx_hal_pcd.o
 .debug_line    0x00006e9e      0x834 ./Drivers/STM32F4xx_HAL_Driver/Src/stm32f4xx_hal_pcd_ex.o
 .debug_line    0x000076d2      0xe7a ./Drivers/STM32F4xx_HAL_Driver/Src/stm32f4xx_hal_rcc.o
 .debug_line    0x0000854c     0x37e8 ./Drivers/STM32F4xx_HAL_Driver/Src/stm32f4xx_hal_tim.o
 .debug_line    0x0000bd34     0x19cb ./Drivers/STM32F4xx_HAL_Driver/Src/stm32f4xx_hal_tim_ex.o
 .debug_line    0x0000d6ff     0x1d92 ./Drivers/STM32F4xx_HAL_Driver/Src/stm32f4xx_ll_usb.o
 .debug_line    0x0000f491      0x890 ./Drivers/SbW_Protocol/SbW_Protocol.o
 .debug_line    0x0000fd21      0xed9 ./Middlewares/ST/STM32_USB_Device_Library/Class/CDC/Src/usbd_cdc.o
 .debug_line    0x00010bfa      0xf7c ./Middlewares/ST/STM32_USB_Device_Library/Core/Src/usbd_core.o
 .debug_line    0x00011b76     0x1159 ./Middlewares/ST/STM32_USB_Device_Library/Core/Src/usbd_ctlreq.o
 .debug_line    0x00012ccf      0xa92 ./Middlewares/ST/STM32_USB_Device_Library/Core/Src/usbd_ioreq.o
 .debug_line    0x00013761      0xa5e ./USB_DEVICE/App/usb_device.o
 .debug_line    0x000141bf      0xc10 ./USB_DEVICE/App/usbd_cdc_if.o
 .debug_line    0x00014dcf      0xb07 ./USB_DEVICE/App/usbd_desc.o
 .debug_line    0x000158d6      0xe3b ./USB_DEVICE/Target/usbd_conf.o

.debug_str      0x00000000    0xc1f05
 .debug_str     0x00000000    0xc1f05 ./Core/Hardware_Interface/Hardware_Interface.o
                              0xbd490 (size before relaxing)
 .debug_str     0x000c1f05    0xbd876 ./Core/Src/main.o
 .debug_str     0x000c1f05    0xb91bb ./Core/Src/stm32f4xx_hal_msp.o
 .debug_str     0x000c1f05    0xb9029 ./Core/Src/stm32f4xx_it.o
 .debug_str     0x000c1f05    0xb8801 ./Core/Src/system_stm32f4xx.o
 .debug_str     0x000c1f05       0x7a ./Core/Startup/startup_stm32f405rgtx.o
 .debug_str     0x000c1f05     0x7aae ./Drivers/FIFO/FIFO.o
 .debug_str     0x000c1f05    0xb9364 ./Drivers/STM32F4xx_HAL_Driver/Src/stm32f4xx_hal.o
 .debug_str     0x000c1f05    0xb90e0 ./Drivers/STM32F4xx_HAL_Driver/Src/stm32f4xx_hal_cortex.o
 .debug_str     0x000c1f05    0xb897c ./Drivers/STM32F4xx_HAL_Driver/Src/stm32f4xx_hal_gpio.o
 .debug_str     0x000c1f05    0xb92df ./Drivers/STM32F4xx_HAL_Driver/Src/stm32f4xx_hal_pcd.o
 .debug_str     0x000c1f05    0xb8bcf ./Drivers/STM32F4xx_HAL_Driver/Src/stm32f4xx_hal_pcd_ex.o
 .debug_str     0x000c1f05    0xb8c35 ./Drivers/STM32F4xx_HAL_Driver/Src/stm32f4xx_hal_rcc.o
 .debug_str     0x000c1f05    0xb9b8b ./Drivers/STM32F4xx_HAL_Driver/Src/stm32f4xx_hal_tim.o
 .debug_str     0x000c1f05    0xb9397 ./Drivers/STM32F4xx_HAL_Driver/Src/stm32f4xx_hal_tim_ex.o
 .debug_str     0x000c1f05    0xb91ba ./Drivers/STM32F4xx_HAL_Driver/Src/stm32f4xx_ll_usb.o
 .debug_str     0x000c1f05     0x7ca7 ./Drivers/SbW_Protocol/SbW_Protocol.o
 .debug_str     0x000c1f05    0xbd875 ./Middlewares/ST/STM32_USB_Device_Library/Class/CDC/Src/usbd_cdc.o
 .debug_str     0x000c1f05    0xbd1ce ./Middlewares/ST/STM32_USB_Device_Library/Core/Src/usbd_core.o
 .debug_str     0x000c1f05    0xbcff9 ./Middlewares/ST/STM32_USB_Device_Library/Core/Src/usbd_ctlreq.o
 .debug_str     0x000c1f05    0xbcece ./Middlewares/ST/STM32_USB_Device_Library/Core/Src/usbd_ioreq.o
 .debug_str     0x000c1f05    0xbd281 ./USB_DEVICE/App/usb_device.o
 .debug_str     0x000c1f05    0xbd4a7 ./USB_DEVICE/App/usbd_cdc_if.o
 .debug_str     0x000c1f05    0xbcdce ./USB_DEVICE/App/usbd_desc.o
 .debug_str     0x000c1f05    0xbe0a2 ./USB_DEVICE/Target/usbd_conf.o

.comment        0x00000000       0x43
 .comment       0x00000000       0x43 ./Core/Hardware_Interface/Hardware_Interface.o
                                 0x44 (size before relaxing)
 .comment       0x00000043       0x44 ./Core/Src/main.o
 .comment       0x00000043       0x44 ./Core/Src/stm32f4xx_hal_msp.o
 .comment       0x00000043       0x44 ./Core/Src/stm32f4xx_it.o
 .comment       0x00000043       0x44 ./Core/Src/system_stm32f4xx.o
 .comment       0x00000043       0x44 ./Drivers/FIFO/FIFO.o
 .comment       0x00000043       0x44 ./Drivers/STM32F4xx_HAL_Driver/Src/stm32f4xx_hal.o
 .comment       0x00000043       0x44 ./Drivers/STM32F4xx_HAL_Driver/Src/stm32f4xx_hal_cortex.o
 .comment       0x00000043       0x44 ./Drivers/STM32F4xx_HAL_Driver/Src/stm32f4xx_hal_gpio.o
 .comment       0x00000043       0x44 ./Drivers/STM32F4xx_HAL_Driver/Src/stm32f4xx_hal_pcd.o
 .comment       0x00000043       0x44 ./Drivers/STM32F4xx_HAL_Driver/Src/stm32f4xx_hal_pcd_ex.o
 .comment       0x00000043       0x44 ./Drivers/STM32F4xx_HAL_Driver/Src/stm32f4xx_hal_rcc.o
 .comment       0x00000043       0x44 ./Drivers/STM32F4xx_HAL_Driver/Src/stm32f4xx_hal_tim.o
 .comment       0x00000043       0x44 ./Drivers/STM32F4xx_HAL_Driver/Src/stm32f4xx_hal_tim_ex.o
 .comment       0x00000043       0x44 ./Drivers/STM32F4xx_HAL_Driver/Src/stm32f4xx_ll_usb.o
 .comment       0x00000043       0x44 ./Drivers/SbW_Protocol/SbW_Protocol.o
 .comment       0x00000043       0x44 ./Middlewares/ST/STM32_USB_Device_Library/Class/CDC/Src/usbd_cdc.o
 .comment       0x00000043       0x44 ./Middlewares/ST/STM32_USB_Device_Library/Core/Src/usbd_core.o
 .comment       0x00000043       0x44 ./Middlewares/ST/STM32_USB_Device_Library/Core/Src/usbd_ctlreq.o
 .comment       0x00000043       0x44 ./Middlewares/ST/STM32_USB_Device_Library/Core/Src/usbd_ioreq.o
 .comment       0x00000043       0x44 ./USB_DEVICE/App/usb_device.o
 .comment       0x00000043       0x44 ./USB_DEVICE/App/usbd_cdc_if.o
 .comment       0x00000043       0x44 ./USB_DEVICE/App/usbd_desc.o
 .comment       0x00000043       0x44 ./USB_DEVICE/Target/usbd_conf.o

.debug_frame    0x00000000     0x47bc
 .debug_frame   0x00000000       0x80 ./Core/Hardware_Interface/Hardware_Interface.o
 .debug_frame   0x00000080       0xb4 ./Core/Src/main.o
 .debug_frame   0x00000134       0x80 ./Core/Src/stm32f4xx_hal_msp.o
 .debug_frame   0x000001b4      0x140 ./Core/Src/stm32f4xx_it.o
 .debug_frame   0x000002f4       0x58 ./Core/Src/system_stm32f4xx.o
 .debug_frame   0x0000034c       0xac ./Drivers/FIFO/FIFO.o
 .debug_frame   0x000003f8      0x374 ./Drivers/STM32F4xx_HAL_Driver/Src/stm32f4xx_hal.o
 .debug_frame   0x0000076c      0x508 ./Drivers/STM32F4xx_HAL_Driver/Src/stm32f4xx_hal_cortex.o
 .debug_frame   0x00000c74      0x14c ./Drivers/STM32F4xx_HAL_Driver/Src/stm32f4xx_hal_gpio.o
 .debug_frame   0x00000dc0      0x5b8 ./Drivers/STM32F4xx_HAL_Driver/Src/stm32f4xx_hal_pcd.o
 .debug_frame   0x00001378       0xb0 ./Drivers/STM32F4xx_HAL_Driver/Src/stm32f4xx_hal_pcd_ex.o
 .debug_frame   0x00001428      0x1f4 ./Drivers/STM32F4xx_HAL_Driver/Src/stm32f4xx_hal_rcc.o
 .debug_frame   0x0000161c     0x11c0 ./Drivers/STM32F4xx_HAL_Driver/Src/stm32f4xx_hal_tim.o
 .debug_frame   0x000027dc      0x638 ./Drivers/STM32F4xx_HAL_Driver/Src/stm32f4xx_hal_tim_ex.o
 .debug_frame   0x00002e14      0x7c0 ./Drivers/STM32F4xx_HAL_Driver/Src/stm32f4xx_ll_usb.o
 .debug_frame   0x000035d4      0x118 ./Drivers/SbW_Protocol/SbW_Protocol.o
 .debug_frame   0x000036ec      0x23c ./Middlewares/ST/STM32_USB_Device_Library/Class/CDC/Src/usbd_cdc.o
 .debug_frame   0x00003928      0x390 ./Middlewares/ST/STM32_USB_Device_Library/Core/Src/usbd_core.o
 .debug_frame   0x00003cb8      0x23c ./Middlewares/ST/STM32_USB_Device_Library/Core/Src/usbd_ctlreq.o
 .debug_frame   0x00003ef4      0x10c ./Middlewares/ST/STM32_USB_Device_Library/Core/Src/usbd_ioreq.o
 .debug_frame   0x00004000       0x2c ./USB_DEVICE/App/usb_device.o
 .debug_frame   0x0000402c       0xe0 ./USB_DEVICE/App/usbd_cdc_if.o
 .debug_frame   0x0000410c      0x160 ./USB_DEVICE/App/usbd_desc.o
 .debug_frame   0x0000426c      0x47c ./USB_DEVICE/Target/usbd_conf.o
 .debug_frame   0x000046e8       0x20 C:/STM/STM32CubeIDE_1.12.1/STM32CubeIDE/plugins/com.st.stm32cube.ide.mcu.externaltools.gnu-tools-for-stm32.13.3.rel1.win32_1.0.0.202411081344/tools/bin/../lib/gcc/arm-none-eabi/13.3.1/../../../../arm-none-eabi/lib/thumb/v7e-m+fp/hard\libc_nano.a(libc_a-memset.o)
 .debug_frame   0x00004708       0x2c C:/STM/STM32CubeIDE_1.12.1/STM32CubeIDE/plugins/com.st.stm32cube.ide.mcu.externaltools.gnu-tools-for-stm32.13.3.rel1.win32_1.0.0.202411081344/tools/bin/../lib/gcc/arm-none-eabi/13.3.1/../../../../arm-none-eabi/lib/thumb/v7e-m+fp/hard\libc_nano.a(libc_a-init.o)
 .debug_frame   0x00004734       0x28 C:/STM/STM32CubeIDE_1.12.1/STM32CubeIDE/plugins/com.st.stm32cube.ide.mcu.externaltools.gnu-tools-for-stm32.13.3.rel1.win32_1.0.0.202411081344/tools/bin/../lib/gcc/arm-none-eabi/13.3.1/../../../../arm-none-eabi/lib/thumb/v7e-m+fp/hard\libc_nano.a(libc_a-memcpy-stub.o)
 .debug_frame   0x0000475c       0x2c C:/STM/STM32CubeIDE_1.12.1/STM32CubeIDE/plugins/com.st.stm32cube.ide.mcu.externaltools.gnu-tools-for-stm32.13.3.rel1.win32_1.0.0.202411081344/tools/bin/../lib/gcc/arm-none-eabi/13.3.1/thumb/v7e-m+fp/hard\libgcc.a(_aeabi_uldivmod.o)
 .debug_frame   0x00004788       0x34 C:/STM/STM32CubeIDE_1.12.1/STM32CubeIDE/plugins/com.st.stm32cube.ide.mcu.externaltools.gnu-tools-for-stm32.13.3.rel1.win32_1.0.0.202411081344/tools/bin/../lib/gcc/arm-none-eabi/13.3.1/thumb/v7e-m+fp/hard\libgcc.a(_udivmoddi4.o)

.debug_line_str
                0x00000000       0x5e
 .debug_line_str